Archive member included to satisfy reference by file (symbol)

c:/st/stm32cubeide_1.4.0/stm32cubeide/plugins/com.st.stm32cube.ide.mcu.externaltools.gnu-tools-for-stm32.7-2018-q2-update.win32_1.4.0.202007081208/tools/bin/../lib/gcc/arm-none-eabi/7.3.1/../../../../arm-none-eabi/lib/thumb/v7-m\libc_nano.a(lib_a-exit.o)
                              c:/st/stm32cubeide_1.4.0/stm32cubeide/plugins/com.st.stm32cube.ide.mcu.externaltools.gnu-tools-for-stm32.7-2018-q2-update.win32_1.4.0.202007081208/tools/bin/../lib/gcc/arm-none-eabi/7.3.1/../../../../arm-none-eabi/lib/thumb/v7-m/crt0.o (exit)
c:/st/stm32cubeide_1.4.0/stm32cubeide/plugins/com.st.stm32cube.ide.mcu.externaltools.gnu-tools-for-stm32.7-2018-q2-update.win32_1.4.0.202007081208/tools/bin/../lib/gcc/arm-none-eabi/7.3.1/../../../../arm-none-eabi/lib/thumb/v7-m\libc_nano.a(lib_a-impure.o)
                              c:/st/stm32cubeide_1.4.0/stm32cubeide/plugins/com.st.stm32cube.ide.mcu.externaltools.gnu-tools-for-stm32.7-2018-q2-update.win32_1.4.0.202007081208/tools/bin/../lib/gcc/arm-none-eabi/7.3.1/../../../../arm-none-eabi/lib/thumb/v7-m\libc_nano.a(lib_a-exit.o) (_global_impure_ptr)
c:/st/stm32cubeide_1.4.0/stm32cubeide/plugins/com.st.stm32cube.ide.mcu.externaltools.gnu-tools-for-stm32.7-2018-q2-update.win32_1.4.0.202007081208/tools/bin/../lib/gcc/arm-none-eabi/7.3.1/../../../../arm-none-eabi/lib/thumb/v7-m\libc_nano.a(lib_a-init.o)
                              c:/st/stm32cubeide_1.4.0/stm32cubeide/plugins/com.st.stm32cube.ide.mcu.externaltools.gnu-tools-for-stm32.7-2018-q2-update.win32_1.4.0.202007081208/tools/bin/../lib/gcc/arm-none-eabi/7.3.1/../../../../arm-none-eabi/lib/thumb/v7-m/crt0.o (__libc_init_array)
c:/st/stm32cubeide_1.4.0/stm32cubeide/plugins/com.st.stm32cube.ide.mcu.externaltools.gnu-tools-for-stm32.7-2018-q2-update.win32_1.4.0.202007081208/tools/bin/../lib/gcc/arm-none-eabi/7.3.1/../../../../arm-none-eabi/lib/thumb/v7-m\libc_nano.a(lib_a-memset.o)
                              c:/st/stm32cubeide_1.4.0/stm32cubeide/plugins/com.st.stm32cube.ide.mcu.externaltools.gnu-tools-for-stm32.7-2018-q2-update.win32_1.4.0.202007081208/tools/bin/../lib/gcc/arm-none-eabi/7.3.1/../../../../arm-none-eabi/lib/thumb/v7-m/crt0.o (memset)
c:/st/stm32cubeide_1.4.0/stm32cubeide/plugins/com.st.stm32cube.ide.mcu.externaltools.gnu-tools-for-stm32.7-2018-q2-update.win32_1.4.0.202007081208/tools/bin/../lib/gcc/arm-none-eabi/7.3.1/../../../../arm-none-eabi/lib/thumb/v7-m\libnosys.a(_exit.o)
                              c:/st/stm32cubeide_1.4.0/stm32cubeide/plugins/com.st.stm32cube.ide.mcu.externaltools.gnu-tools-for-stm32.7-2018-q2-update.win32_1.4.0.202007081208/tools/bin/../lib/gcc/arm-none-eabi/7.3.1/../../../../arm-none-eabi/lib/thumb/v7-m\libc_nano.a(lib_a-exit.o) (_exit)

Allocating common symbols
Common symbol       size              file

hUsbDeviceFS        0x2c4             USB_DEVICE/App/usb_device.o
hspi2               0x58              Core/Src/spi.o
uwTick              0x4               Drivers/STM32F1xx_HAL_Driver/Src/stm32f1xx_hal.o
pFlash              0x20              Drivers/STM32F1xx_HAL_Driver/Src/stm32f1xx_hal_flash.o
UserRxBufferFS      0x3e8             USB_DEVICE/App/usbd_cdc_if.o
UserTxBufferFS      0x3e8             USB_DEVICE/App/usbd_cdc_if.o
hspi1               0x58              Core/Src/spi.o
hpcd_USB_FS         0x2ec             USB_DEVICE/Target/usbd_conf.o
USBD_StrDesc        0x200             USB_DEVICE/App/usbd_desc.o

Discarded input sections

 .text          0x0000000000000000        0x0 c:/st/stm32cubeide_1.4.0/stm32cubeide/plugins/com.st.stm32cube.ide.mcu.externaltools.gnu-tools-for-stm32.7-2018-q2-update.win32_1.4.0.202007081208/tools/bin/../lib/gcc/arm-none-eabi/7.3.1/thumb/v7-m/crti.o
 .data          0x0000000000000000        0x0 c:/st/stm32cubeide_1.4.0/stm32cubeide/plugins/com.st.stm32cube.ide.mcu.externaltools.gnu-tools-for-stm32.7-2018-q2-update.win32_1.4.0.202007081208/tools/bin/../lib/gcc/arm-none-eabi/7.3.1/thumb/v7-m/crti.o
 .bss           0x0000000000000000        0x0 c:/st/stm32cubeide_1.4.0/stm32cubeide/plugins/com.st.stm32cube.ide.mcu.externaltools.gnu-tools-for-stm32.7-2018-q2-update.win32_1.4.0.202007081208/tools/bin/../lib/gcc/arm-none-eabi/7.3.1/thumb/v7-m/crti.o
 .data          0x0000000000000000        0x4 c:/st/stm32cubeide_1.4.0/stm32cubeide/plugins/com.st.stm32cube.ide.mcu.externaltools.gnu-tools-for-stm32.7-2018-q2-update.win32_1.4.0.202007081208/tools/bin/../lib/gcc/arm-none-eabi/7.3.1/thumb/v7-m/crtbegin.o
 .text          0x0000000000000000       0x74 c:/st/stm32cubeide_1.4.0/stm32cubeide/plugins/com.st.stm32cube.ide.mcu.externaltools.gnu-tools-for-stm32.7-2018-q2-update.win32_1.4.0.202007081208/tools/bin/../lib/gcc/arm-none-eabi/7.3.1/../../../../arm-none-eabi/lib/thumb/v7-m/crt0.o
[...]
Memory Configuration

Name             Origin             Length             Attributes
RAM              0x0000000020000000 0x0000000000005000 xrw
FLASH            0x0000000008000000 0x0000000000010000 xr
*default*        0x0000000000000000 0xffffffffffffffff

Linker script and memory map

LOAD c:/st/stm32cubeide_1.4.0/stm32cubeide/plugins/com.st.stm32cube.ide.mcu.externaltools.gnu-tools-for-stm32.7-2018-q2-update.win32_1.4.0.202007081208/tools/bin/../lib/gcc/arm-none-eabi/7.3.1/thumb/v7-m/crti.o
LOAD c:/st/stm32cubeide_1.4.0/stm32cubeide/plugins/com.st.stm32cube.ide.mcu.externaltools.gnu-tools-for-stm32.7-2018-q2-update.win32_1.4.0.202007081208/tools/bin/../lib/gcc/arm-none-eabi/7.3.1/thumb/v7-m/crtbegin.o
LOAD c:/st/stm32cubeide_1.4.0/stm32cubeide/plugins/com.st.stm32cube.ide.mcu.externaltools.gnu-tools-for-stm32.7-2018-q2-update.win32_1.4.0.202007081208/tools/bin/../lib/gcc/arm-none-eabi/7.3.1/../../../../arm-none-eabi/lib/thumb/v7-m/crt0.o
LOAD Core/Src/gpio.o
LOAD Core/Src/main.o
LOAD Core/Src/nRF24L01.o
LOAD Core/Src/spi.o
LOAD Core/Src/stm32f1xx_hal_msp.o
LOAD Core/Src/stm32f1xx_it.o
LOAD Core/Src/system_stm32f1xx.o
LOAD Core/Startup/startup_stm32f103c8tx.o
LOAD Drivers/STM32F1xx_HAL_Driver/Src/stm32f1xx_hal.o
LOAD Drivers/STM32F1xx_HAL_Driver/Src/stm32f1xx_hal_cortex.o
LOAD Drivers/STM32F1xx_HAL_Driver/Src/stm32f1xx_hal_dma.o
LOAD Drivers/STM32F1xx_HAL_Driver/Src/stm32f1xx_hal_exti.o
LOAD Drivers/STM32F1xx_HAL_Driver/Src/stm32f1xx_hal_flash.o
LOAD Drivers/STM32F1xx_HAL_Driver/Src/stm32f1xx_hal_flash_ex.o
LOAD Drivers/STM32F1xx_HAL_Driver/Src/stm32f1xx_hal_gpio.o
LOAD Drivers/STM32F1xx_HAL_Driver/Src/stm32f1xx_hal_gpio_ex.o
LOAD Drivers/STM32F1xx_HAL_Driver/Src/stm32f1xx_hal_pcd.o
LOAD Drivers/STM32F1xx_HAL_Driver/Src/stm32f1xx_hal_pcd_ex.o
LOAD Drivers/STM32F1xx_HAL_Driver/Src/stm32f1xx_hal_pwr.o
LOAD Drivers/STM32F1xx_HAL_Driver/Src/stm32f1xx_hal_rcc.o
LOAD Drivers/STM32F1xx_HAL_Driver/Src/stm32f1xx_hal_rcc_ex.o
LOAD Drivers/STM32F1xx_HAL_Driver/Src/stm32f1xx_hal_spi.o
LOAD Drivers/STM32F1xx_HAL_Driver/Src/stm32f1xx_hal_tim.o
LOAD Drivers/STM32F1xx_HAL_Driver/Src/stm32f1xx_hal_tim_ex.o
LOAD Drivers/STM32F1xx_HAL_Driver/Src/stm32f1xx_ll_usb.o
LOAD Middlewares/ST/STM32_USB_Device_Library/Class/CDC/Src/usbd_cdc.o
LOAD Middlewares/ST/STM32_USB_Device_Library/Core/Src/usbd_core.o
LOAD Middlewares/ST/STM32_USB_Device_Library/Core/Src/usbd_ctlreq.o
LOAD Middlewares/ST/STM32_USB_Device_Library/Core/Src/usbd_ioreq.o
LOAD USB_DEVICE/App/usb_device.o
LOAD USB_DEVICE/App/usbd_cdc_if.o
LOAD USB_DEVICE/App/usbd_desc.o
LOAD USB_DEVICE/Target/usbd_conf.o
START GROUP
LOAD c:/st/stm32cubeide_1.4.0/stm32cubeide/plugins/com.st.stm32cube.ide.mcu.externaltools.gnu-tools-for-stm32.7-2018-q2-update.win32_1.4.0.202007081208/tools/bin/../lib/gcc/arm-none-eabi/7.3.1/../../../../arm-none-eabi/lib/thumb/v7-m\libc_nano.a
LOAD c:/st/stm32cubeide_1.4.0/stm32cubeide/plugins/com.st.stm32cube.ide.mcu.externaltools.gnu-tools-for-stm32.7-2018-q2-update.win32_1.4.0.202007081208/tools/bin/../lib/gcc/arm-none-eabi/7.3.1/../../../../arm-none-eabi/lib/thumb/v7-m\libm.a
END GROUP
START GROUP
LOAD c:/st/stm32cubeide_1.4.0/stm32cubeide/plugins/com.st.stm32cube.ide.mcu.externaltools.gnu-tools-for-stm32.7-2018-q2-update.win32_1.4.0.202007081208/tools/bin/../lib/gcc/arm-none-eabi/7.3.1/thumb/v7-m\libgcc.a
LOAD c:/st/stm32cubeide_1.4.0/stm32cubeide/plugins/com.st.stm32cube.ide.mcu.externaltools.gnu-tools-for-stm32.7-2018-q2-update.win32_1.4.0.202007081208/tools/bin/../lib/gcc/arm-none-eabi/7.3.1/../../../../arm-none-eabi/lib/thumb/v7-m\libc_nano.a
END GROUP
START GROUP
LOAD c:/st/stm32cubeide_1.4.0/stm32cubeide/plugins/com.st.stm32cube.ide.mcu.externaltools.gnu-tools-for-stm32.7-2018-q2-update.win32_1.4.0.202007081208/tools/bin/../lib/gcc/arm-none-eabi/7.3.1/thumb/v7-m\libgcc.a
LOAD c:/st/stm32cubeide_1.4.0/stm32cubeide/plugins/com.st.stm32cube.ide.mcu.externaltools.gnu-tools-for-stm32.7-2018-q2-update.win32_1.4.0.202007081208/tools/bin/../lib/gcc/arm-none-eabi/7.3.1/../../../../arm-none-eabi/lib/thumb/v7-m\libc_nano.a
LOAD c:/st/stm32cubeide_1.4.0/stm32cubeide/plugins/com.st.stm32cube.ide.mcu.externaltools.gnu-tools-for-stm32.7-2018-q2-update.win32_1.4.0.202007081208/tools/bin/../lib/gcc/arm-none-eabi/7.3.1/../../../../arm-none-eabi/lib/thumb/v7-m\libnosys.a
END GROUP
START GROUP
LOAD c:/st/stm32cubeide_1.4.0/stm32cubeide/plugins/com.st.stm32cube.ide.mcu.externaltools.gnu-tools-for-stm32.7-2018-q2-update.win32_1.4.0.202007081208/tools/bin/../lib/gcc/arm-none-eabi/7.3.1/thumb/v7-m\libgcc.a
LOAD c:/st/stm32cubeide_1.4.0/stm32cubeide/plugins/com.st.stm32cube.ide.mcu.externaltools.gnu-tools-for-stm32.7-2018-q2-update.win32_1.4.0.202007081208/tools/bin/../lib/gcc/arm-none-eabi/7.3.1/../../../../arm-none-eabi/lib/thumb/v7-m\libc_nano.a
LOAD c:/st/stm32cubeide_1.4.0/stm32cubeide/plugins/com.st.stm32cube.ide.mcu.externaltools.gnu-tools-for-stm32.7-2018-q2-update.win32_1.4.0.202007081208/tools/bin/../lib/gcc/arm-none-eabi/7.3.1/../../../../arm-none-eabi/lib/thumb/v7-m\libnosys.a
END GROUP
LOAD c:/st/stm32cubeide_1.4.0/stm32cubeide/plugins/com.st.stm32cube.ide.mcu.externaltools.gnu-tools-for-stm32.7-2018-q2-update.win32_1.4.0.202007081208/tools/bin/../lib/gcc/arm-none-eabi/7.3.1/thumb/v7-m/crtend.o
LOAD c:/st/stm32cubeide_1.4.0/stm32cubeide/plugins/com.st.stm32cube.ide.mcu.externaltools.gnu-tools-for-stm32.7-2018-q2-update.win32_1.4.0.202007081208/tools/bin/../lib/gcc/arm-none-eabi/7.3.1/thumb/v7-m/crtn.o
                0x0000000020005000                _estack = (ORIGIN (RAM) + LENGTH (RAM))
                0x0000000000000200                _Min_Heap_Size = 0x200
                0x0000000000000400                _Min_Stack_Size = 0x400

.isr_vector     0x0000000008000000      0x10c
                0x0000000008000000                . = ALIGN (0x4)
 *(.isr_vector)
 .isr_vector    0x0000000008000000      0x10c Core/Startup/startup_stm32f103c8tx.o
                0x0000000008000000                g_pfnVectors
                0x000000000800010c                . = ALIGN (0x4)

.text           0x000000000800010c     0x8100
                0x000000000800010c                . = ALIGN (0x4)
 *(.text)
 .text          0x000000000800010c       0x40 c:/st/stm32cubeide_1.4.0/stm32cubeide/plugins/com.st.stm32cube.ide.mcu.externaltools.gnu-tools-for-stm32.7-2018-q2-update.win32_1.4.0.202007081208/tools/bin/../lib/gcc/arm-none-eabi/7.3.1/thumb/v7-m/crtbegin.o
 *(.text*)
 .text.MX_GPIO_Init
                0x000000000800014c       0xdc Core/Src/gpio.o
                0x000000000800014c                MX_GPIO_Init
 .text.main     0x0000000008000228      0x28c Core/Src/main.o
                0x0000000008000228                main
 .text.SystemClock_Config
                0x00000000080004b4       0xb6 Core/Src/main.o
                0x00000000080004b4                SystemClock_Config
 .text.Error_Handler
                0x000000000800056a        0xc Core/Src/main.o
                0x000000000800056a                Error_Handler
 .text.nRF24_QS
                0x0000000008000576      0x1f0 Core/Src/nRF24L01.o
                0x0000000008000576                nRF24_QS
 .text.nRF24_QSconfig
                0x0000000008000766       0xf6 Core/Src/nRF24L01.o
                0x0000000008000766                nRF24_QSconfig
 .text.nRF24_TX_WritePayload
                0x000000000800085c       0x88 Core/Src/nRF24L01.o
                0x000000000800085c                nRF24_TX_WritePayload
 .text.nRF24_TX_SendPayload
                0x00000000080008e4      0x104 Core/Src/nRF24L01.o
                0x00000000080008e4                nRF24_TX_SendPayload
 .text.nRF24_RX_ReadPayload
                0x00000000080009e8       0xe8 Core/Src/nRF24L01.o
                0x00000000080009e8                nRF24_RX_ReadPayload
 .text.nRF24_SetDataPipeADDR
                0x0000000008000ad0       0x58 Core/Src/nRF24L01.o
                0x0000000008000ad0                nRF24_SetDataPipeADDR
 .text.nRF24_SetDataPipeSize
                0x0000000008000b28       0x5a Core/Src/nRF24L01.o
                0x0000000008000b28                nRF24_SetDataPipeSize
 .text.nRF24_RegWrite
                0x0000000008000b82       0x5a Core/Src/nRF24L01.o
                0x0000000008000b82                nRF24_RegWrite
 .text.nRF24_RegRead
                0x0000000008000bdc       0x52 Core/Src/nRF24L01.o
                0x0000000008000bdc                nRF24_RegRead
 .text.nRF24_FlushTX
                0x0000000008000c2e       0x46 Core/Src/nRF24L01.o
                0x0000000008000c2e                nRF24_FlushTX
 .text.nRF24_FlushRX
                0x0000000008000c74       0x46 Core/Src/nRF24L01.o
                0x0000000008000c74                nRF24_FlushRX
 *fill*         0x0000000008000cba        0x2 
 .text.MX_SPI1_Init
                0x0000000008000cbc       0x6c Core/Src/spi.o
                0x0000000008000cbc                MX_SPI1_Init
 .text.MX_SPI2_Init
                0x0000000008000d28       0x6c Core/Src/spi.o
                0x0000000008000d28                MX_SPI2_Init
 .text.HAL_SPI_MspInit
                0x0000000008000d94      0x10c Core/Src/spi.o
                0x0000000008000d94                HAL_SPI_MspInit
 .text.HAL_MspInit
                0x0000000008000ea0       0x64 Core/Src/stm32f1xx_hal_msp.o
                0x0000000008000ea0                HAL_MspInit
 .text.NMI_Handler
                0x0000000008000f04        0xc Core/Src/stm32f1xx_it.o
                0x0000000008000f04                NMI_Handler
 .text.HardFault_Handler
                0x0000000008000f10        0x6 Core/Src/stm32f1xx_it.o
                0x0000000008000f10                HardFault_Handler
 .text.MemManage_Handler
                0x0000000008000f16        0x6 Core/Src/stm32f1xx_it.o
                0x0000000008000f16                MemManage_Handler
 .text.BusFault_Handler
                0x0000000008000f1c        0x6 Core/Src/stm32f1xx_it.o
                0x0000000008000f1c                BusFault_Handler
 .text.UsageFault_Handler
                0x0000000008000f22        0x6 Core/Src/stm32f1xx_it.o
                0x0000000008000f22                UsageFault_Handler
 .text.SVC_Handler
                0x0000000008000f28        0xc Core/Src/stm32f1xx_it.o
                0x0000000008000f28                SVC_Handler
 .text.DebugMon_Handler
                0x0000000008000f34        0xc Core/Src/stm32f1xx_it.o
                0x0000000008000f34                DebugMon_Handler
 .text.PendSV_Handler
                0x0000000008000f40        0xc Core/Src/stm32f1xx_it.o
                0x0000000008000f40                PendSV_Handler
 .text.SysTick_Handler
                0x0000000008000f4c        0xc Core/Src/stm32f1xx_it.o
                0x0000000008000f4c                SysTick_Handler
 .text.USB_LP_CAN1_RX0_IRQHandler
                0x0000000008000f58       0x14 Core/Src/stm32f1xx_it.o
                0x0000000008000f58                USB_LP_CAN1_RX0_IRQHandler
 .text.SystemInit
                0x0000000008000f6c        0xc Core/Src/system_stm32f1xx.o
                0x0000000008000f6c                SystemInit
 .text.Reset_Handler
                0x0000000008000f78       0x48 Core/Startup/startup_stm32f103c8tx.o
                0x0000000008000f78                Reset_Handler
 .text.Default_Handler
                0x0000000008000fc0        0x2 Core/Startup/startup_stm32f103c8tx.o
                0x0000000008000fc0                RTC_Alarm_IRQHandler
                0x0000000008000fc0                EXTI2_IRQHandler
                0x0000000008000fc0                TIM1_CC_IRQHandler
                0x0000000008000fc0                PVD_IRQHandler
                0x0000000008000fc0                EXTI3_IRQHandler
                0x0000000008000fc0                EXTI0_IRQHandler
                0x0000000008000fc0                I2C2_EV_IRQHandler
                0x0000000008000fc0                ADC1_2_IRQHandler
                0x0000000008000fc0                SPI1_IRQHandler
                0x0000000008000fc0                TAMPER_IRQHandler
                0x0000000008000fc0                DMA1_Channel4_IRQHandler
                0x0000000008000fc0                USART3_IRQHandler
                0x0000000008000fc0                RTC_IRQHandler
                0x0000000008000fc0                DMA1_Channel7_IRQHandler
                0x0000000008000fc0                CAN1_RX1_IRQHandler
                0x0000000008000fc0                TIM4_IRQHandler
                0x0000000008000fc0                I2C1_EV_IRQHandler
                0x0000000008000fc0                DMA1_Channel6_IRQHandler
                0x0000000008000fc0                TIM3_IRQHandler
                0x0000000008000fc0                RCC_IRQHandler
                0x0000000008000fc0                TIM1_TRG_COM_IRQHandler
                0x0000000008000fc0                DMA1_Channel1_IRQHandler
                0x0000000008000fc0                Default_Handler
                0x0000000008000fc0                EXTI15_10_IRQHandler
                0x0000000008000fc0                EXTI9_5_IRQHandler
                0x0000000008000fc0                SPI2_IRQHandler
                0x0000000008000fc0                DMA1_Channel5_IRQHandler
                0x0000000008000fc0                EXTI4_IRQHandler
                0x0000000008000fc0                USB_HP_CAN1_TX_IRQHandler
                0x0000000008000fc0                DMA1_Channel3_IRQHandler
                0x0000000008000fc0                TIM1_UP_IRQHandler
                0x0000000008000fc0                WWDG_IRQHandler
                0x0000000008000fc0                TIM2_IRQHandler
                0x0000000008000fc0                TIM1_BRK_IRQHandler
                0x0000000008000fc0                EXTI1_IRQHandler
                0x0000000008000fc0                USART2_IRQHandler
                0x0000000008000fc0                I2C2_ER_IRQHandler
                0x0000000008000fc0                DMA1_Channel2_IRQHandler
                0x0000000008000fc0                CAN1_SCE_IRQHandler
                0x0000000008000fc0                FLASH_IRQHandler
                0x0000000008000fc0                USART1_IRQHandler
                0x0000000008000fc0                I2C1_ER_IRQHandler
                0x0000000008000fc0                USBWakeUp_IRQHandler
 *fill*         0x0000000008000fc2        0x2 
 .text.HAL_Init
                0x0000000008000fc4       0x2c Drivers/STM32F1xx_HAL_Driver/Src/stm32f1xx_hal.o
                0x0000000008000fc4                HAL_Init
 .text.HAL_InitTick
                0x0000000008000ff0       0x60 Drivers/STM32F1xx_HAL_Driver/Src/stm32f1xx_hal.o
                0x0000000008000ff0                HAL_InitTick
 .text.HAL_IncTick
                0x0000000008001050       0x24 Drivers/STM32F1xx_HAL_Driver/Src/stm32f1xx_hal.o
                0x0000000008001050                HAL_IncTick
 .text.HAL_GetTick
                0x0000000008001074       0x14 Drivers/STM32F1xx_HAL_Driver/Src/stm32f1xx_hal.o
                0x0000000008001074                HAL_GetTick
 .text.HAL_Delay
                0x0000000008001088       0x44 Drivers/STM32F1xx_HAL_Driver/Src/stm32f1xx_hal.o
                0x0000000008001088                HAL_Delay
 .text.__NVIC_SetPriorityGrouping
                0x00000000080010cc       0x48 Drivers/STM32F1xx_HAL_Driver/Src/stm32f1xx_hal_cortex.o
 .text.__NVIC_GetPriorityGrouping
                0x0000000008001114       0x1c Drivers/STM32F1xx_HAL_Driver/Src/stm32f1xx_hal_cortex.o
 .text.__NVIC_EnableIRQ
                0x0000000008001130       0x38 Drivers/STM32F1xx_HAL_Driver/Src/stm32f1xx_hal_cortex.o
 .text.__NVIC_SetPriority
                0x0000000008001168       0x54 Drivers/STM32F1xx_HAL_Driver/Src/stm32f1xx_hal_cortex.o
 .text.NVIC_EncodePriority
                0x00000000080011bc       0x64 Drivers/STM32F1xx_HAL_Driver/Src/stm32f1xx_hal_cortex.o
 .text.SysTick_Config
                0x0000000008001220       0x44 Drivers/STM32F1xx_HAL_Driver/Src/stm32f1xx_hal_cortex.o
 .text.HAL_NVIC_SetPriorityGrouping
                0x0000000008001264       0x16 Drivers/STM32F1xx_HAL_Driver/Src/stm32f1xx_hal_cortex.o
                0x0000000008001264                HAL_NVIC_SetPriorityGrouping
 .text.HAL_NVIC_SetPriority
                0x000000000800127a       0x38 Drivers/STM32F1xx_HAL_Driver/Src/stm32f1xx_hal_cortex.o
                0x000000000800127a                HAL_NVIC_SetPriority
 .text.HAL_NVIC_EnableIRQ
                0x00000000080012b2       0x1c Drivers/STM32F1xx_HAL_Driver/Src/stm32f1xx_hal_cortex.o
                0x00000000080012b2                HAL_NVIC_EnableIRQ
 .text.HAL_SYSTICK_Config
                0x00000000080012ce       0x18 Drivers/STM32F1xx_HAL_Driver/Src/stm32f1xx_hal_cortex.o
                0x00000000080012ce                HAL_SYSTICK_Config
 *fill*         0x00000000080012e6        0x2 
 .text.HAL_GPIO_Init
                0x00000000080012e8      0x2b4 Drivers/STM32F1xx_HAL_Driver/Src/stm32f1xx_hal_gpio.o
                0x00000000080012e8                HAL_GPIO_Init
 .text.HAL_GPIO_WritePin
                0x000000000800159c       0x30 Drivers/STM32F1xx_HAL_Driver/Src/stm32f1xx_hal_gpio.o
                0x000000000800159c                HAL_GPIO_WritePin
 .text.HAL_PCD_Init
                0x00000000080015cc      0x216 Drivers/STM32F1xx_HAL_Driver/Src/stm32f1xx_hal_pcd.o
                0x00000000080015cc                HAL_PCD_Init
 .text.HAL_PCD_Start
                0x00000000080017e2       0x4c Drivers/STM32F1xx_HAL_Driver/Src/stm32f1xx_hal_pcd.o
                0x00000000080017e2                HAL_PCD_Start
 .text.HAL_PCD_IRQHandler
                0x000000000800182e      0x2aa Drivers/STM32F1xx_HAL_Driver/Src/stm32f1xx_hal_pcd.o
                0x000000000800182e                HAL_PCD_IRQHandler
 .text.HAL_PCD_SetAddress
                0x0000000008001ad8       0x4a Drivers/STM32F1xx_HAL_Driver/Src/stm32f1xx_hal_pcd.o
                0x0000000008001ad8                HAL_PCD_SetAddress
 .text.HAL_PCD_EP_Open
                0x0000000008001b22       0xcc Drivers/STM32F1xx_HAL_Driver/Src/stm32f1xx_hal_pcd.o
                0x0000000008001b22                HAL_PCD_EP_Open
 .text.HAL_PCD_EP_Close
                0x0000000008001bee       0x90 Drivers/STM32F1xx_HAL_Driver/Src/stm32f1xx_hal_pcd.o
                0x0000000008001bee                HAL_PCD_EP_Close
 .text.HAL_PCD_EP_Receive
                0x0000000008001c7e       0x7a Drivers/STM32F1xx_HAL_Driver/Src/stm32f1xx_hal_pcd.o
                0x0000000008001c7e                HAL_PCD_EP_Receive
 .text.HAL_PCD_EP_GetRxCount
                0x0000000008001cf8       0x2e Drivers/STM32F1xx_HAL_Driver/Src/stm32f1xx_hal_pcd.o
                0x0000000008001cf8                HAL_PCD_EP_GetRxCount
 .text.HAL_PCD_EP_Transmit
                0x0000000008001d26       0x86 Drivers/STM32F1xx_HAL_Driver/Src/stm32f1xx_hal_pcd.o
                0x0000000008001d26                HAL_PCD_EP_Transmit
 .text.HAL_PCD_EP_SetStall
                0x0000000008001dac       0xc0 Drivers/STM32F1xx_HAL_Driver/Src/stm32f1xx_hal_pcd.o
                0x0000000008001dac                HAL_PCD_EP_SetStall
 .text.HAL_PCD_EP_ClrStall
                0x0000000008001e6c       0xa8 Drivers/STM32F1xx_HAL_Driver/Src/stm32f1xx_hal_pcd.o
                0x0000000008001e6c                HAL_PCD_EP_ClrStall
 .text.PCD_EP_ISR_Handler
                0x0000000008001f14      0x5e6 Drivers/STM32F1xx_HAL_Driver/Src/stm32f1xx_hal_pcd.o
 .text.HAL_PCD_EP_DB_Receive
                0x00000000080024fa      0x21a Drivers/STM32F1xx_HAL_Driver/Src/stm32f1xx_hal_pcd.o
 .text.HAL_PCD_EP_DB_Transmit
                0x0000000008002714      0x53a Drivers/STM32F1xx_HAL_Driver/Src/stm32f1xx_hal_pcd.o
 .text.HAL_PCDEx_PMAConfig
                0x0000000008002c4e       0x84 Drivers/STM32F1xx_HAL_Driver/Src/stm32f1xx_hal_pcd_ex.o
                0x0000000008002c4e                HAL_PCDEx_PMAConfig
 *fill*         0x0000000008002cd2        0x2 
 .text.HAL_RCC_OscConfig
                0x0000000008002cd4      0x500 Drivers/STM32F1xx_HAL_Driver/Src/stm32f1xx_hal_rcc.o
                0x0000000008002cd4                HAL_RCC_OscConfig
 .text.HAL_RCC_ClockConfig
                0x00000000080031d4      0x1d4 Drivers/STM32F1xx_HAL_Driver/Src/stm32f1xx_hal_rcc.o
                0x00000000080031d4                HAL_RCC_ClockConfig
 .text.HAL_RCC_GetSysClockFreq
                0x00000000080033a8       0xc4 Drivers/STM32F1xx_HAL_Driver/Src/stm32f1xx_hal_rcc.o
                0x00000000080033a8                HAL_RCC_GetSysClockFreq
 .text.RCC_Delay
                0x000000000800346c       0x3c Drivers/STM32F1xx_HAL_Driver/Src/stm32f1xx_hal_rcc.o
 .text.HAL_RCCEx_PeriphCLKConfig
                0x00000000080034a8      0x16c Drivers/STM32F1xx_HAL_Driver/Src/stm32f1xx_hal_rcc_ex.o
                0x00000000080034a8                HAL_RCCEx_PeriphCLKConfig
 .text.HAL_SPI_Init
                0x0000000008003614      0x108 Drivers/STM32F1xx_HAL_Driver/Src/stm32f1xx_hal_spi.o
                0x0000000008003614                HAL_SPI_Init
 .text.HAL_SPI_Transmit
                0x000000000800371c      0x278 Drivers/STM32F1xx_HAL_Driver/Src/stm32f1xx_hal_spi.o
                0x000000000800371c                HAL_SPI_Transmit
 .text.HAL_SPI_Receive
                0x0000000008003994      0x222 Drivers/STM32F1xx_HAL_Driver/Src/stm32f1xx_hal_spi.o
                0x0000000008003994                HAL_SPI_Receive
 .text.HAL_SPI_TransmitReceive
                0x0000000008003bb6      0x344 Drivers/STM32F1xx_HAL_Driver/Src/stm32f1xx_hal_spi.o
                0x0000000008003bb6                HAL_SPI_TransmitReceive
 *fill*         0x0000000008003efa        0x2 
 .text.SPI_WaitFlagStateUntilTimeout
                0x0000000008003efc      0x110 Drivers/STM32F1xx_HAL_Driver/Src/stm32f1xx_hal_spi.o
 .text.SPI_EndRxTransaction
                0x000000000800400c       0xa4 Drivers/STM32F1xx_HAL_Driver/Src/stm32f1xx_hal_spi.o
 .text.SPI_EndRxTxTransaction
                0x00000000080040b0       0x3c Drivers/STM32F1xx_HAL_Driver/Src/stm32f1xx_hal_spi.o
 .text.USB_CoreInit
                0x00000000080040ec       0x20 Drivers/STM32F1xx_HAL_Driver/Src/stm32f1xx_ll_usb.o
                0x00000000080040ec                USB_CoreInit
 .text.USB_EnableGlobalInt
                0x000000000800410c       0x2c Drivers/STM32F1xx_HAL_Driver/Src/stm32f1xx_ll_usb.o
                0x000000000800410c                USB_EnableGlobalInt
 .text.USB_DisableGlobalInt
                0x0000000008004138       0x34 Drivers/STM32F1xx_HAL_Driver/Src/stm32f1xx_ll_usb.o
                0x0000000008004138                USB_DisableGlobalInt
 .text.USB_SetCurrentMode
                0x000000000800416c       0x18 Drivers/STM32F1xx_HAL_Driver/Src/stm32f1xx_ll_usb.o
                0x000000000800416c                USB_SetCurrentMode
 .text.USB_DevInit
                0x0000000008004184       0x40 Drivers/STM32F1xx_HAL_Driver/Src/stm32f1xx_ll_usb.o
                0x0000000008004184                USB_DevInit
 .text.USB_ActivateEndpoint
                0x00000000080041c4      0x6d4 Drivers/STM32F1xx_HAL_Driver/Src/stm32f1xx_ll_usb.o
                0x00000000080041c4                USB_ActivateEndpoint
 .text.USB_DeactivateEndpoint
                0x0000000008004898      0x3d8 Drivers/STM32F1xx_HAL_Driver/Src/stm32f1xx_ll_usb.o
                0x0000000008004898                USB_DeactivateEndpoint
 .text.USB_EPStartXfer
                0x0000000008004c70     0x1240 Drivers/STM32F1xx_HAL_Driver/Src/stm32f1xx_ll_usb.o
                0x0000000008004c70                USB_EPStartXfer
 .text.USB_EPSetStall
                0x0000000008005eb0       0xa0 Drivers/STM32F1xx_HAL_Driver/Src/stm32f1xx_ll_usb.o
                0x0000000008005eb0                USB_EPSetStall
 .text.USB_EPClearStall
                0x0000000008005f50      0x15a Drivers/STM32F1xx_HAL_Driver/Src/stm32f1xx_ll_usb.o
                0x0000000008005f50                USB_EPClearStall
 .text.USB_SetDevAddress
                0x00000000080060aa       0x26 Drivers/STM32F1xx_HAL_Driver/Src/stm32f1xx_ll_usb.o
                0x00000000080060aa                USB_SetDevAddress
 .text.USB_DevConnect
                0x00000000080060d0       0x14 Drivers/STM32F1xx_HAL_Driver/Src/stm32f1xx_ll_usb.o
                0x00000000080060d0                USB_DevConnect
 .text.USB_DevDisconnect
                0x00000000080060e4       0x14 Drivers/STM32F1xx_HAL_Driver/Src/stm32f1xx_ll_usb.o
                0x00000000080060e4                USB_DevDisconnect
 .text.USB_ReadInterrupts
                0x00000000080060f8       0x1e Drivers/STM32F1xx_HAL_Driver/Src/stm32f1xx_ll_usb.o
                0x00000000080060f8                USB_ReadInterrupts
 .text.USB_EP0_OutStart
                0x0000000008006116       0x16 Drivers/STM32F1xx_HAL_Driver/Src/stm32f1xx_ll_usb.o
                0x0000000008006116                USB_EP0_OutStart
 .text.USB_WritePMA
                0x000000000800612c       0x88 Drivers/STM32F1xx_HAL_Driver/Src/stm32f1xx_ll_usb.o
                0x000000000800612c                USB_WritePMA
 .text.USB_ReadPMA
                0x00000000080061b4       0x9e Drivers/STM32F1xx_HAL_Driver/Src/stm32f1xx_ll_usb.o
                0x00000000080061b4                USB_ReadPMA
 .text.USBD_CDC_Init
                0x0000000008006252       0xf4 Middlewares/ST/STM32_USB_Device_Library/Class/CDC/Src/usbd_cdc.o
 .text.USBD_CDC_DeInit
                0x0000000008006346       0x6e Middlewares/ST/STM32_USB_Device_Library/Class/CDC/Src/usbd_cdc.o
 .text.USBD_CDC_Setup
                0x00000000080063b4      0x140 Middlewares/ST/STM32_USB_Device_Library/Class/CDC/Src/usbd_cdc.o
 .text.USBD_CDC_DataIn
                0x00000000080064f4       0xa6 Middlewares/ST/STM32_USB_Device_Library/Class/CDC/Src/usbd_cdc.o
 .text.USBD_CDC_DataOut
                0x000000000800659a       0x56 Middlewares/ST/STM32_USB_Device_Library/Class/CDC/Src/usbd_cdc.o
 .text.USBD_CDC_EP0_RxReady
                0x00000000080065f0       0x50 Middlewares/ST/STM32_USB_Device_Library/Class/CDC/Src/usbd_cdc.o
 .text.USBD_CDC_GetFSCfgDesc
                0x0000000008006640       0x20 Middlewares/ST/STM32_USB_Device_Library/Class/CDC/Src/usbd_cdc.o
 .text.USBD_CDC_GetHSCfgDesc
                0x0000000008006660       0x20 Middlewares/ST/STM32_USB_Device_Library/Class/CDC/Src/usbd_cdc.o
 .text.USBD_CDC_GetOtherSpeedCfgDesc
                0x0000000008006680       0x20 Middlewares/ST/STM32_USB_Device_Library/Class/CDC/Src/usbd_cdc.o
 .text.USBD_CDC_GetDeviceQualifierDescriptor
                0x00000000080066a0       0x20 Middlewares/ST/STM32_USB_Device_Library/Class/CDC/Src/usbd_cdc.o
                0x00000000080066a0                USBD_CDC_GetDeviceQualifierDescriptor
 .text.USBD_CDC_RegisterInterface
                0x00000000080066c0       0x2c Middlewares/ST/STM32_USB_Device_Library/Class/CDC/Src/usbd_cdc.o
                0x00000000080066c0                USBD_CDC_RegisterInterface
 .text.USBD_CDC_SetTxBuffer
                0x00000000080066ec       0x32 Middlewares/ST/STM32_USB_Device_Library/Class/CDC/Src/usbd_cdc.o
                0x00000000080066ec                USBD_CDC_SetTxBuffer
 .text.USBD_CDC_SetRxBuffer
                0x000000000800671e       0x26 Middlewares/ST/STM32_USB_Device_Library/Class/CDC/Src/usbd_cdc.o
                0x000000000800671e                USBD_CDC_SetRxBuffer
 .text.USBD_CDC_ReceivePacket
                0x0000000008006744       0x54 Middlewares/ST/STM32_USB_Device_Library/Class/CDC/Src/usbd_cdc.o
                0x0000000008006744                USBD_CDC_ReceivePacket
 .text.USBD_Init
                0x0000000008006798       0x56 Middlewares/ST/STM32_USB_Device_Library/Core/Src/usbd_core.o
                0x0000000008006798                USBD_Init
 .text.USBD_RegisterClass
                0x00000000080067ee       0x32 Middlewares/ST/STM32_USB_Device_Library/Core/Src/usbd_core.o
                0x00000000080067ee                USBD_RegisterClass
 .text.USBD_Start
                0x0000000008006820       0x18 Middlewares/ST/STM32_USB_Device_Library/Core/Src/usbd_core.o
                0x0000000008006820                USBD_Start
 .text.USBD_RunTestMode
                0x0000000008006838       0x14 Middlewares/ST/STM32_USB_Device_Library/Core/Src/usbd_core.o
                0x0000000008006838                USBD_RunTestMode
 .text.USBD_SetClassConfig
                0x000000000800684c       0x3e Middlewares/ST/STM32_USB_Device_Library/Core/Src/usbd_core.o
                0x000000000800684c                USBD_SetClassConfig
 .text.USBD_ClrClassConfig
                0x000000000800688a       0x26 Middlewares/ST/STM32_USB_Device_Library/Core/Src/usbd_core.o
                0x000000000800688a                USBD_ClrClassConfig
 .text.USBD_LL_SetupStage
                0x00000000080068b0       0x96 Middlewares/ST/STM32_USB_Device_Library/Core/Src/usbd_core.o
                0x00000000080068b0                USBD_LL_SetupStage
 .text.USBD_LL_DataOutStage
                0x0000000008006946       0xe2 Middlewares/ST/STM32_USB_Device_Library/Core/Src/usbd_core.o
                0x0000000008006946                USBD_LL_DataOutStage
 .text.USBD_LL_DataInStage
                0x0000000008006a28      0x14a Middlewares/ST/STM32_USB_Device_Library/Core/Src/usbd_core.o
                0x0000000008006a28                USBD_LL_DataInStage
 .text.USBD_LL_Reset
                0x0000000008006b72       0x82 Middlewares/ST/STM32_USB_Device_Library/Core/Src/usbd_core.o
                0x0000000008006b72                USBD_LL_Reset
 .text.USBD_LL_SetSpeed
                0x0000000008006bf4       0x1e Middlewares/ST/STM32_USB_Device_Library/Core/Src/usbd_core.o
                0x0000000008006bf4                USBD_LL_SetSpeed
 .text.USBD_LL_Suspend
                0x0000000008006c12       0x28 Middlewares/ST/STM32_USB_Device_Library/Core/Src/usbd_core.o
                0x0000000008006c12                USBD_LL_Suspend
 .text.USBD_LL_Resume
                0x0000000008006c3a       0x2a Middlewares/ST/STM32_USB_Device_Library/Core/Src/usbd_core.o
                0x0000000008006c3a                USBD_LL_Resume
 .text.USBD_LL_SOF
                0x0000000008006c64       0x34 Middlewares/ST/STM32_USB_Device_Library/Core/Src/usbd_core.o
                0x0000000008006c64                USBD_LL_SOF
 .text.USBD_StdDevReq
                0x0000000008006c98       0xd4 Middlewares/ST/STM32_USB_Device_Library/Core/Src/usbd_ctlreq.o
                0x0000000008006c98                USBD_StdDevReq
 .text.USBD_StdItfReq
                0x0000000008006d6c       0x8c Middlewares/ST/STM32_USB_Device_Library/Core/Src/usbd_ctlreq.o
                0x0000000008006d6c                USBD_StdItfReq
 .text.USBD_StdEPReq
                0x0000000008006df8      0x2ba Middlewares/ST/STM32_USB_Device_Library/Core/Src/usbd_ctlreq.o
                0x0000000008006df8                USBD_StdEPReq
 *fill*         0x00000000080070b2        0x2 
 .text.USBD_GetDescriptor
                0x00000000080070b4      0x2d0 Middlewares/ST/STM32_USB_Device_Library/Core/Src/usbd_ctlreq.o
 .text.USBD_SetAddress
                0x0000000008007384       0x84 Middlewares/ST/STM32_USB_Device_Library/Core/Src/usbd_ctlreq.o
 .text.USBD_SetConfig
                0x0000000008007408      0x11c Middlewares/ST/STM32_USB_Device_Library/Core/Src/usbd_ctlreq.o
 .text.USBD_GetConfig
                0x0000000008007524       0x68 Middlewares/ST/STM32_USB_Device_Library/Core/Src/usbd_ctlreq.o
 .text.USBD_GetStatus
                0x000000000800758c       0x66 Middlewares/ST/STM32_USB_Device_Library/Core/Src/usbd_ctlreq.o
 .text.USBD_SetFeature
                0x00000000080075f2       0x28 Middlewares/ST/STM32_USB_Device_Library/Core/Src/usbd_ctlreq.o
 .text.USBD_ClrFeature
                0x000000000800761a       0x42 Middlewares/ST/STM32_USB_Device_Library/Core/Src/usbd_ctlreq.o
 .text.USBD_ParseSetupRequest
                0x000000000800765c       0x78 Middlewares/ST/STM32_USB_Device_Library/Core/Src/usbd_ctlreq.o
                0x000000000800765c                USBD_ParseSetupRequest
 .text.USBD_CtlError
                0x00000000080076d4       0x22 Middlewares/ST/STM32_USB_Device_Library/Core/Src/usbd_ctlreq.o
                0x00000000080076d4                USBD_CtlError
 .text.USBD_GetString
                0x00000000080076f6       0x84 Middlewares/ST/STM32_USB_Device_Library/Core/Src/usbd_ctlreq.o
                0x00000000080076f6                USBD_GetString
 .text.USBD_GetLen
                0x000000000800777a       0x2e Middlewares/ST/STM32_USB_Device_Library/Core/Src/usbd_ctlreq.o
 .text.USBD_CtlSendData
                0x00000000080077a8       0x38 Middlewares/ST/STM32_USB_Device_Library/Core/Src/usbd_ioreq.o
                0x00000000080077a8                USBD_CtlSendData
 .text.USBD_CtlContinueSendData
                0x00000000080077e0       0x24 Middlewares/ST/STM32_USB_Device_Library/Core/Src/usbd_ioreq.o
                0x00000000080077e0                USBD_CtlContinueSendData
 .text.USBD_CtlPrepareRx
                0x0000000008007804       0x3c Middlewares/ST/STM32_USB_Device_Library/Core/Src/usbd_ioreq.o
                0x0000000008007804                USBD_CtlPrepareRx
 .text.USBD_CtlContinueRx
                0x0000000008007840       0x24 Middlewares/ST/STM32_USB_Device_Library/Core/Src/usbd_ioreq.o
                0x0000000008007840                USBD_CtlContinueRx
 .text.USBD_CtlSendStatus
                0x0000000008007864       0x26 Middlewares/ST/STM32_USB_Device_Library/Core/Src/usbd_ioreq.o
                0x0000000008007864                USBD_CtlSendStatus
 .text.USBD_CtlReceiveStatus
                0x000000000800788a       0x26 Middlewares/ST/STM32_USB_Device_Library/Core/Src/usbd_ioreq.o
                0x000000000800788a                USBD_CtlReceiveStatus
 .text.MX_USB_DEVICE_Init
                0x00000000080078b0       0x60 USB_DEVICE/App/usb_device.o
                0x00000000080078b0                MX_USB_DEVICE_Init
 .text.CDC_Init_FS
                0x0000000008007910       0x28 USB_DEVICE/App/usbd_cdc_if.o
 .text.CDC_DeInit_FS
                0x0000000008007938        0xe USB_DEVICE/App/usbd_cdc_if.o
 *fill*         0x0000000008007946        0x2 
 .text.CDC_Control_FS
                0x0000000008007948       0xbc USB_DEVICE/App/usbd_cdc_if.o
 .text.CDC_Receive_FS
                0x0000000008007a04       0x28 USB_DEVICE/App/usbd_cdc_if.o
 .text.USBD_FS_DeviceDescriptor
                0x0000000008007a2c       0x24 USB_DEVICE/App/usbd_desc.o
                0x0000000008007a2c                USBD_FS_DeviceDescriptor
 .text.USBD_FS_LangIDStrDescriptor
                0x0000000008007a50       0x24 USB_DEVICE/App/usbd_desc.o
                0x0000000008007a50                USBD_FS_LangIDStrDescriptor
 .text.USBD_FS_ProductStrDescriptor
                0x0000000008007a74       0x3c USB_DEVICE/App/usbd_desc.o
                0x0000000008007a74                USBD_FS_ProductStrDescriptor
 .text.USBD_FS_ManufacturerStrDescriptor
                0x0000000008007ab0       0x28 USB_DEVICE/App/usbd_desc.o
                0x0000000008007ab0                USBD_FS_ManufacturerStrDescriptor
 .text.USBD_FS_SerialStrDescriptor
                0x0000000008007ad8       0x24 USB_DEVICE/App/usbd_desc.o
                0x0000000008007ad8                USBD_FS_SerialStrDescriptor
 .text.USBD_FS_ConfigStrDescriptor
                0x0000000008007afc       0x3c USB_DEVICE/App/usbd_desc.o
                0x0000000008007afc                USBD_FS_ConfigStrDescriptor
 .text.USBD_FS_InterfaceStrDescriptor
                0x0000000008007b38       0x3c USB_DEVICE/App/usbd_desc.o
                0x0000000008007b38                USBD_FS_InterfaceStrDescriptor
 .text.Get_SerialNum
                0x0000000008007b74       0x58 USB_DEVICE/App/usbd_desc.o
 .text.IntToUnicode
                0x0000000008007bcc       0x7a USB_DEVICE/App/usbd_desc.o
 *fill*         0x0000000008007c46        0x2 
 .text.HAL_PCD_MspInit
                0x0000000008007c48       0x4c USB_DEVICE/Target/usbd_conf.o
                0x0000000008007c48                HAL_PCD_MspInit
 .text.HAL_PCD_SetupStageCallback
                0x0000000008007c94       0x24 USB_DEVICE/Target/usbd_conf.o
                0x0000000008007c94                HAL_PCD_SetupStageCallback
 .text.HAL_PCD_DataOutStageCallback
                0x0000000008007cb8       0x36 USB_DEVICE/Target/usbd_conf.o
                0x0000000008007cb8                HAL_PCD_DataOutStageCallback
 .text.HAL_PCD_DataInStageCallback
                0x0000000008007cee       0x34 USB_DEVICE/Target/usbd_conf.o
                0x0000000008007cee                HAL_PCD_DataInStageCallback
 .text.HAL_PCD_SOFCallback
                0x0000000008007d22       0x1c USB_DEVICE/Target/usbd_conf.o
                0x0000000008007d22                HAL_PCD_SOFCallback
 .text.HAL_PCD_ResetCallback
                0x0000000008007d3e       0x3c USB_DEVICE/Target/usbd_conf.o
                0x0000000008007d3e                HAL_PCD_ResetCallback
 *fill*         0x0000000008007d7a        0x2 
 .text.HAL_PCD_SuspendCallback
                0x0000000008007d7c       0x34 USB_DEVICE/Target/usbd_conf.o
                0x0000000008007d7c                HAL_PCD_SuspendCallback
 .text.HAL_PCD_ResumeCallback
                0x0000000008007db0       0x1c USB_DEVICE/Target/usbd_conf.o
                0x0000000008007db0                HAL_PCD_ResumeCallback
 .text.USBD_LL_Init
                0x0000000008007dcc       0xb4 USB_DEVICE/Target/usbd_conf.o
                0x0000000008007dcc                USBD_LL_Init
 .text.USBD_LL_Start
                0x0000000008007e80       0x36 USB_DEVICE/Target/usbd_conf.o
                0x0000000008007e80                USBD_LL_Start
 .text.USBD_LL_OpenEP
                0x0000000008007eb6       0x4c USB_DEVICE/Target/usbd_conf.o
                0x0000000008007eb6                USBD_LL_OpenEP
 .text.USBD_LL_CloseEP
                0x0000000008007f02       0x3e USB_DEVICE/Target/usbd_conf.o
                0x0000000008007f02                USBD_LL_CloseEP
 .text.USBD_LL_StallEP
                0x0000000008007f40       0x3e USB_DEVICE/Target/usbd_conf.o
                0x0000000008007f40                USBD_LL_StallEP
 .text.USBD_LL_ClearStallEP
                0x0000000008007f7e       0x3e USB_DEVICE/Target/usbd_conf.o
                0x0000000008007f7e                USBD_LL_ClearStallEP
 .text.USBD_LL_IsStallEP
                0x0000000008007fbc       0x58 USB_DEVICE/Target/usbd_conf.o
                0x0000000008007fbc                USBD_LL_IsStallEP
 .text.USBD_LL_SetUSBAddress
                0x0000000008008014       0x3e USB_DEVICE/Target/usbd_conf.o
                0x0000000008008014                USBD_LL_SetUSBAddress
 .text.USBD_LL_Transmit
                0x0000000008008052       0x46 USB_DEVICE/Target/usbd_conf.o
                0x0000000008008052                USBD_LL_Transmit
 .text.USBD_LL_PrepareReceive
                0x0000000008008098       0x46 USB_DEVICE/Target/usbd_conf.o
                0x0000000008008098                USBD_LL_PrepareReceive
 .text.USBD_LL_GetRxDataSize
                0x00000000080080de       0x26 USB_DEVICE/Target/usbd_conf.o
                0x00000000080080de                USBD_LL_GetRxDataSize
 .text.USBD_static_malloc
                0x0000000008008104       0x18 USB_DEVICE/Target/usbd_conf.o
                0x0000000008008104                USBD_static_malloc
 .text.USBD_static_free
                0x000000000800811c       0x12 USB_DEVICE/Target/usbd_conf.o
                0x000000000800811c                USBD_static_free
 .text.HAL_PCDEx_SetConnectionState
                0x000000000800812e       0x16 USB_DEVICE/Target/usbd_conf.o
                0x000000000800812e                HAL_PCDEx_SetConnectionState
 .text.USBD_Get_USB_Status
                0x0000000008008144       0x58 USB_DEVICE/Target/usbd_conf.o
 .text.__libc_init_array
                0x000000000800819c       0x48 c:/st/stm32cubeide_1.4.0/stm32cubeide/plugins/com.st.stm32cube.ide.mcu.externaltools.gnu-tools-for-stm32.7-2018-q2-update.win32_1.4.0.202007081208/tools/bin/../lib/gcc/arm-none-eabi/7.3.1/../../../../arm-none-eabi/lib/thumb/v7-m\libc_nano.a(lib_a-init.o)
                0x000000000800819c                __libc_init_array
 .text.memset   0x00000000080081e4       0x10 c:/st/stm32cubeide_1.4.0/stm32cubeide/plugins/com.st.stm32cube.ide.mcu.externaltools.gnu-tools-for-stm32.7-2018-q2-update.win32_1.4.0.202007081208/tools/bin/../lib/gcc/arm-none-eabi/7.3.1/../../../../arm-none-eabi/lib/thumb/v7-m\libc_nano.a(lib_a-memset.o)
                0x00000000080081e4                memset
 *(.glue_7)
 .glue_7        0x00000000080081f4        0x0 linker stubs
 *(.glue_7t)
 .glue_7t       0x00000000080081f4        0x0 linker stubs
 *(.eh_frame)
 .eh_frame      0x00000000080081f4        0x0 c:/st/stm32cubeide_1.4.0/stm32cubeide/plugins/com.st.stm32cube.ide.mcu.externaltools.gnu-tools-for-stm32.7-2018-q2-update.win32_1.4.0.202007081208/tools/bin/../lib/gcc/arm-none-eabi/7.3.1/thumb/v7-m/crtbegin.o
 *(.init)
 .init          0x00000000080081f4        0x4 c:/st/stm32cubeide_1.4.0/stm32cubeide/plugins/com.st.stm32cube.ide.mcu.externaltools.gnu-tools-for-stm32.7-2018-q2-update.win32_1.4.0.202007081208/tools/bin/../lib/gcc/arm-none-eabi/7.3.1/thumb/v7-m/crti.o
                0x00000000080081f4                _init
 .init          0x00000000080081f8        0x8 c:/st/stm32cubeide_1.4.0/stm32cubeide/plugins/com.st.stm32cube.ide.mcu.externaltools.gnu-tools-for-stm32.7-2018-q2-update.win32_1.4.0.202007081208/tools/bin/../lib/gcc/arm-none-eabi/7.3.1/thumb/v7-m/crtn.o
 *(.fini)
 .fini          0x0000000008008200        0x4 c:/st/stm32cubeide_1.4.0/stm32cubeide/plugins/com.st.stm32cube.ide.mcu.externaltools.gnu-tools-for-stm32.7-2018-q2-update.win32_1.4.0.202007081208/tools/bin/../lib/gcc/arm-none-eabi/7.3.1/thumb/v7-m/crti.o
                0x0000000008008200                _fini
 .fini          0x0000000008008204        0x8 c:/st/stm32cubeide_1.4.0/stm32cubeide/plugins/com.st.stm32cube.ide.mcu.externaltools.gnu-tools-for-stm32.7-2018-q2-update.win32_1.4.0.202007081208/tools/bin/../lib/gcc/arm-none-eabi/7.3.1/thumb/v7-m/crtn.o
                0x000000000800820c                . = ALIGN (0x4)
                0x000000000800820c                _etext = .

.vfp11_veneer   0x000000000800820c        0x0
 .vfp11_veneer  0x000000000800820c        0x0 linker stubs

.v4_bx          0x000000000800820c        0x0
 .v4_bx         0x000000000800820c        0x0 linker stubs

.iplt           0x000000000800820c        0x0
 .iplt          0x000000000800820c        0x0 c:/st/stm32cubeide_1.4.0/stm32cubeide/plugins/com.st.stm32cube.ide.mcu.externaltools.gnu-tools-for-stm32.7-2018-q2-update.win32_1.4.0.202007081208/tools/bin/../lib/gcc/arm-none-eabi/7.3.1/thumb/v7-m/crtbegin.o

.rodata         0x000000000800820c       0x74
                0x000000000800820c                . = ALIGN (0x4)
 *(.rodata)
 .rodata        0x000000000800820c        0x5 Core/Src/main.o
 *fill*         0x0000000008008211        0x3 
 .rodata        0x0000000008008214       0x12 Drivers/STM32F1xx_HAL_Driver/Src/stm32f1xx_hal_rcc.o
 *fill*         0x0000000008008226        0x2 
 .rodata        0x0000000008008228       0x46 USB_DEVICE/App/usbd_desc.o
 *(.rodata*)
 *fill*         0x000000000800826e        0x2 
 .rodata.AHBPrescTable
                0x0000000008008270       0x10 Core/Src/system_stm32f1xx.o
                0x0000000008008270                AHBPrescTable
                0x0000000008008280                . = ALIGN (0x4)

.rel.dyn        0x0000000008008280        0x0
 .rel.iplt      0x0000000008008280        0x0 c:/st/stm32cubeide_1.4.0/stm32cubeide/plugins/com.st.stm32cube.ide.mcu.externaltools.gnu-tools-for-stm32.7-2018-q2-update.win32_1.4.0.202007081208/tools/bin/../lib/gcc/arm-none-eabi/7.3.1/thumb/v7-m/crtbegin.o

.ARM.extab      0x0000000008008280        0x0
                0x0000000008008280                . = ALIGN (0x4)
 *(.ARM.extab* .gnu.linkonce.armextab.*)
                0x0000000008008280                . = ALIGN (0x4)

.ARM            0x0000000008008280        0x0
                0x0000000008008280                . = ALIGN (0x4)
                0x0000000008008280                __exidx_start = .
 *(.ARM.exidx*)
                0x0000000008008280                __exidx_end = .
                0x0000000008008280                . = ALIGN (0x4)

.preinit_array  0x0000000008008280        0x0
                0x0000000008008280                . = ALIGN (0x4)
                0x0000000008008280                PROVIDE (__preinit_array_start = .)
 *(.preinit_array*)
                0x0000000008008280                PROVIDE (__preinit_array_end = .)
                0x0000000008008280                . = ALIGN (0x4)

.init_array     0x0000000008008280        0x4
                0x0000000008008280                . = ALIGN (0x4)
                0x0000000008008280                PROVIDE (__init_array_start = .)
 *(SORT_BY_NAME(.init_array.*))
 *(.init_array*)
 .init_array    0x0000000008008280        0x4 c:/st/stm32cubeide_1.4.0/stm32cubeide/plugins/com.st.stm32cube.ide.mcu.externaltools.gnu-tools-for-stm32.7-2018-q2-update.win32_1.4.0.202007081208/tools/bin/../lib/gcc/arm-none-eabi/7.3.1/thumb/v7-m/crtbegin.o
                0x0000000008008284                PROVIDE (__init_array_end = .)
                0x0000000008008284                . = ALIGN (0x4)

.fini_array     0x0000000008008284        0x4
                0x0000000008008284                . = ALIGN (0x4)
                [!provide]                        PROVIDE (__fini_array_start = .)
 *(SORT_BY_NAME(.fini_array.*))
 *(.fini_array*)
 .fini_array    0x0000000008008284        0x4 c:/st/stm32cubeide_1.4.0/stm32cubeide/plugins/com.st.stm32cube.ide.mcu.externaltools.gnu-tools-for-stm32.7-2018-q2-update.win32_1.4.0.202007081208/tools/bin/../lib/gcc/arm-none-eabi/7.3.1/thumb/v7-m/crtbegin.o
                [!provide]                        PROVIDE (__fini_array_end = .)
                0x0000000008008288                . = ALIGN (0x4)
                0x0000000008008288                _sidata = LOADADDR (.data)

.data           0x0000000020000000      0x180 load address 0x0000000008008288
                0x0000000020000000                . = ALIGN (0x4)
                0x0000000020000000                _sdata = .
 *(.data)
 *(.data*)
 .data.R_RX_Payload
                0x0000000020000000        0x1 Core/Src/nRF24L01.o
                0x0000000020000000                R_RX_Payload
 .data.R_RX_PL_WID
                0x0000000020000001        0x1 Core/Src/nRF24L01.o
                0x0000000020000001                R_RX_PL_WID
 *fill*         0x0000000020000002        0x2 
 .data.SystemCoreClock
                0x0000000020000004        0x4 Core/Src/system_stm32f1xx.o
                0x0000000020000004                SystemCoreClock
 .data.uwTickPrio
                0x0000000020000008        0x4 Drivers/STM32F1xx_HAL_Driver/Src/stm32f1xx_hal.o
                0x0000000020000008                uwTickPrio
 .data.uwTickFreq
                0x000000002000000c        0x1 Drivers/STM32F1xx_HAL_Driver/Src/stm32f1xx_hal.o
                0x000000002000000c                uwTickFreq
 *fill*         0x000000002000000d        0x3 
 .data.USBD_CDC_DeviceQualifierDesc
                0x0000000020000010        0xa Middlewares/ST/STM32_USB_Device_Library/Class/CDC/Src/usbd_cdc.o
 *fill*         0x000000002000001a        0x2 
 .data.USBD_CDC
                0x000000002000001c       0x38 Middlewares/ST/STM32_USB_Device_Library/Class/CDC/Src/usbd_cdc.o
                0x000000002000001c                USBD_CDC
 .data.USBD_CDC_CfgHSDesc
                0x0000000020000054       0x43 Middlewares/ST/STM32_USB_Device_Library/Class/CDC/Src/usbd_cdc.o
                0x0000000020000054                USBD_CDC_CfgHSDesc
 *fill*         0x0000000020000097        0x1 
 .data.USBD_CDC_CfgFSDesc
                0x0000000020000098       0x43 Middlewares/ST/STM32_USB_Device_Library/Class/CDC/Src/usbd_cdc.o
                0x0000000020000098                USBD_CDC_CfgFSDesc
 *fill*         0x00000000200000db        0x1 
 .data.USBD_CDC_OtherSpeedCfgDesc
                0x00000000200000dc       0x43 Middlewares/ST/STM32_USB_Device_Library/Class/CDC/Src/usbd_cdc.o
                0x00000000200000dc                USBD_CDC_OtherSpeedCfgDesc
 *fill*         0x000000002000011f        0x1 
 .data.USBD_Interface_fops_FS
                0x0000000020000120       0x10 USB_DEVICE/App/usbd_cdc_if.o
                0x0000000020000120                USBD_Interface_fops_FS
 .data.FS_Desc  0x0000000020000130       0x1c USB_DEVICE/App/usbd_desc.o
                0x0000000020000130                FS_Desc
 .data.USBD_FS_DeviceDesc
                0x000000002000014c       0x12 USB_DEVICE/App/usbd_desc.o
                0x000000002000014c                USBD_FS_DeviceDesc
 *fill*         0x000000002000015e        0x2 
 .data.USBD_LangIDDesc
                0x0000000020000160        0x4 USB_DEVICE/App/usbd_desc.o
                0x0000000020000160                USBD_LangIDDesc
 .data.USBD_StringSerial
                0x0000000020000164       0x1a USB_DEVICE/App/usbd_desc.o
                0x0000000020000164                USBD_StringSerial
                0x0000000020000180                . = ALIGN (0x4)
 *fill*         0x000000002000017e        0x2 
                0x0000000020000180                _edata = .

.igot.plt       0x0000000020000180        0x0 load address 0x0000000008008408
 .igot.plt      0x0000000020000180        0x0 c:/st/stm32cubeide_1.4.0/stm32cubeide/plugins/com.st.stm32cube.ide.mcu.externaltools.gnu-tools-for-stm32.7-2018-q2-update.win32_1.4.0.202007081208/tools/bin/../lib/gcc/arm-none-eabi/7.3.1/thumb/v7-m/crtbegin.o
                0x0000000020000180                . = ALIGN (0x4)

.bss            0x0000000020000180     0x1274 load address 0x0000000008008408
                0x0000000020000180                _sbss = .
                0x0000000020000180                __bss_start__ = _sbss
 *(.bss)
 .bss           0x0000000020000180       0x1c c:/st/stm32cubeide_1.4.0/stm32cubeide/plugins/com.st.stm32cube.ide.mcu.externaltools.gnu-tools-for-stm32.7-2018-q2-update.win32_1.4.0.202007081208/tools/bin/../lib/gcc/arm-none-eabi/7.3.1/thumb/v7-m/crtbegin.o
 *(.bss*)
 .bss.cfgidx.7755
                0x000000002000019c        0x1 Middlewares/ST/STM32_USB_Device_Library/Core/Src/usbd_ctlreq.o
 *fill*         0x000000002000019d        0x3 
 .bss.mem.7823  0x00000000200001a0      0x220 USB_DEVICE/Target/usbd_conf.o
 *(COMMON)
 COMMON         0x00000000200003c0       0xb0 Core/Src/spi.o
                0x00000000200003c0                hspi2
                0x0000000020000418                hspi1
 COMMON         0x0000000020000470        0x4 Drivers/STM32F1xx_HAL_Driver/Src/stm32f1xx_hal.o
                0x0000000020000470                uwTick
 COMMON         0x0000000020000474      0x2c4 USB_DEVICE/App/usb_device.o
                0x0000000020000474                hUsbDeviceFS
 COMMON         0x0000000020000738      0x7d0 USB_DEVICE/App/usbd_cdc_if.o
                0x0000000020000738                UserRxBufferFS
                0x0000000020000b20                UserTxBufferFS
 COMMON         0x0000000020000f08      0x200 USB_DEVICE/App/usbd_desc.o
                0x0000000020000f08                USBD_StrDesc
 COMMON         0x0000000020001108      0x2ec USB_DEVICE/Target/usbd_conf.o
                0x0000000020001108                hpcd_USB_FS
                0x00000000200013f4                . = ALIGN (0x4)
                0x00000000200013f4                _ebss = .
                0x00000000200013f4                __bss_end__ = _ebss

._user_heap_stack
                0x00000000200013f4      0x604 load address 0x0000000008008408
                0x00000000200013f8                . = ALIGN (0x8)
 *fill*         0x00000000200013f4        0x4 
                [!provide]                        PROVIDE (end = .)
                [!provide]                        PROVIDE (_end = .)
                0x00000000200015f8                . = (. + _Min_Heap_Size)
 *fill*         0x00000000200013f8      0x200 
                0x00000000200019f8                . = (. + _Min_Stack_Size)
 *fill*         0x00000000200015f8      0x400 
                0x00000000200019f8                . = ALIGN (0x8)

/DISCARD/
 libc.a(*)
 libm.a(*)
 libgcc.a(*)

.ARM.attributes
                0x0000000000000000       0x29
 *(.ARM.attributes)
 .ARM.attributes
                0x0000000000000000       0x1d c:/st/stm32cubeide_1.4.0/stm32cubeide/plugins/com.st.stm32cube.ide.mcu.externaltools.gnu-tools-for-stm32.7-2018-q2-update.win32_1.4.0.202007081208/tools/bin/../lib/gcc/arm-none-eabi/7.3.1/thumb/v7-m/crti.o
 .ARM.attributes
                0x000000000000001d       0x2d c:/st/stm32cubeide_1.4.0/stm32cubeide/plugins/com.st.stm32cube.ide.mcu.externaltools.gnu-tools-for-stm32.7-2018-q2-update.win32_1.4.0.202007081208/tools/bin/../lib/gcc/arm-none-eabi/7.3.1/thumb/v7-m/crtbegin.o
 .ARM.attributes
                0x000000000000004a       0x33 Core/Src/gpio.o
 .ARM.attributes
                0x000000000000007d       0x33 Core/Src/main.o
 .ARM.attributes
                0x00000000000000b0       0x33 Core/Src/nRF24L01.o
 .ARM.attributes
                0x00000000000000e3       0x33 Core/Src/spi.o
 .ARM.attributes
                0x0000000000000116       0x33 Core/Src/stm32f1xx_hal_msp.o
 .ARM.attributes
                0x0000000000000149       0x33 Core/Src/stm32f1xx_it.o
 .ARM.attributes
                0x000000000000017c       0x33 Core/Src/system_stm32f1xx.o
 .ARM.attributes
                0x00000000000001af       0x21 Core/Startup/startup_stm32f103c8tx.o
 .ARM.attributes
                0x00000000000001d0       0x33 Drivers/STM32F1xx_HAL_Driver/Src/stm32f1xx_hal.o
 .ARM.attributes
                0x0000000000000203       0x33 Drivers/STM32F1xx_HAL_Driver/Src/stm32f1xx_hal_cortex.o
 .ARM.attributes
                0x0000000000000236       0x33 Drivers/STM32F1xx_HAL_Driver/Src/stm32f1xx_hal_gpio.o
 .ARM.attributes
                0x0000000000000269       0x33 Drivers/STM32F1xx_HAL_Driver/Src/stm32f1xx_hal_pcd.o
 .ARM.attributes
                0x000000000000029c       0x33 Drivers/STM32F1xx_HAL_Driver/Src/stm32f1xx_hal_pcd_ex.o
 .ARM.attributes
                0x00000000000002cf       0x33 Drivers/STM32F1xx_HAL_Driver/Src/stm32f1xx_hal_rcc.o
 .ARM.attributes
                0x0000000000000302       0x33 Drivers/STM32F1xx_HAL_Driver/Src/stm32f1xx_hal_rcc_ex.o
 .ARM.attributes
                0x0000000000000335       0x33 Drivers/STM32F1xx_HAL_Driver/Src/stm32f1xx_hal_spi.o
 .ARM.attributes
                0x0000000000000368       0x33 Drivers/STM32F1xx_HAL_Driver/Src/stm32f1xx_ll_usb.o
 .ARM.attributes
                0x000000000000039b       0x33 Middlewares/ST/STM32_USB_Device_Library/Class/CDC/Src/usbd_cdc.o
 .ARM.attributes
                0x00000000000003ce       0x33 Middlewares/ST/STM32_USB_Device_Library/Core/Src/usbd_core.o
 .ARM.attributes
                0x0000000000000401       0x33 Middlewares/ST/STM32_USB_Device_Library/Core/Src/usbd_ctlreq.o
 .ARM.attributes
                0x0000000000000434       0x33 Middlewares/ST/STM32_USB_Device_Library/Core/Src/usbd_ioreq.o
 .ARM.attributes
                0x0000000000000467       0x33 USB_DEVICE/App/usb_device.o
 .ARM.attributes
                0x000000000000049a       0x33 USB_DEVICE/App/usbd_cdc_if.o
 .ARM.attributes
                0x00000000000004cd       0x33 USB_DEVICE/App/usbd_desc.o
 .ARM.attributes
                0x0000000000000500       0x33 USB_DEVICE/Target/usbd_conf.o
 .ARM.attributes
                0x0000000000000533       0x2d c:/st/stm32cubeide_1.4.0/stm32cubeide/plugins/com.st.stm32cube.ide.mcu.externaltools.gnu-tools-for-stm32.7-2018-q2-update.win32_1.4.0.202007081208/tools/bin/../lib/gcc/arm-none-eabi/7.3.1/../../../../arm-none-eabi/lib/thumb/v7-m\libc_nano.a(lib_a-init.o)
 .ARM.attributes
                0x0000000000000560       0x2d c:/st/stm32cubeide_1.4.0/stm32cubeide/plugins/com.st.stm32cube.ide.mcu.externaltools.gnu-tools-for-stm32.7-2018-q2-update.win32_1.4.0.202007081208/tools/bin/../lib/gcc/arm-none-eabi/7.3.1/../../../../arm-none-eabi/lib/thumb/v7-m\libc_nano.a(lib_a-memset.o)
 .ARM.attributes
                0x000000000000058d       0x1d c:/st/stm32cubeide_1.4.0/stm32cubeide/plugins/com.st.stm32cube.ide.mcu.externaltools.gnu-tools-for-stm32.7-2018-q2-update.win32_1.4.0.202007081208/tools/bin/../lib/gcc/arm-none-eabi/7.3.1/thumb/v7-m/crtn.o
OUTPUT(NRF24L01.elf elf32-littlearm)

.debug_info     0x0000000000000000    0x145fd
 .debug_info    0x0000000000000000      0x35d Core/Src/gpio.o
 .debug_info    0x000000000000035d     0x1513 Core/Src/main.o
 .debug_info    0x0000000000001870     0x1902 Core/Src/nRF24L01.o
 .debug_info    0x0000000000003172      0x874 Core/Src/spi.o
 .debug_info    0x00000000000039e6      0x2d6 Core/Src/stm32f1xx_hal_msp.o
 .debug_info    0x0000000000003cbc      0x6a6 Core/Src/stm32f1xx_it.o
 .debug_info    0x0000000000004362      0x29a Core/Src/system_stm32f1xx.o
 .debug_info    0x00000000000045fc       0x22 Core/Startup/startup_stm32f103c8tx.o
 .debug_info    0x000000000000461e      0x714 Drivers/STM32F1xx_HAL_Driver/Src/stm32f1xx_hal.o
 .debug_info    0x0000000000004d32      0xb51 Drivers/STM32F1xx_HAL_Driver/Src/stm32f1xx_hal_cortex.o
 .debug_info    0x0000000000005883      0x69b Drivers/STM32F1xx_HAL_Driver/Src/stm32f1xx_hal_gpio.o
 .debug_info    0x0000000000005f1e     0x122f Drivers/STM32F1xx_HAL_Driver/Src/stm32f1xx_hal_pcd.o
 .debug_info    0x000000000000714d      0x785 Drivers/STM32F1xx_HAL_Driver/Src/stm32f1xx_hal_pcd_ex.o
 .debug_info    0x00000000000078d2      0x80f Drivers/STM32F1xx_HAL_Driver/Src/stm32f1xx_hal_rcc.o
 .debug_info    0x00000000000080e1      0x444 Drivers/STM32F1xx_HAL_Driver/Src/stm32f1xx_hal_rcc_ex.o
 .debug_info    0x0000000000008525     0x1572 Drivers/STM32F1xx_HAL_Driver/Src/stm32f1xx_hal_spi.o
 .debug_info    0x0000000000009a97     0x17e7 Drivers/STM32F1xx_HAL_Driver/Src/stm32f1xx_ll_usb.o
 .debug_info    0x000000000000b27e     0x17b6 Middlewares/ST/STM32_USB_Device_Library/Class/CDC/Src/usbd_cdc.o
 .debug_info    0x000000000000ca34     0x11d2 Middlewares/ST/STM32_USB_Device_Library/Core/Src/usbd_core.o
 .debug_info    0x000000000000dc06     0x1142 Middlewares/ST/STM32_USB_Device_Library/Core/Src/usbd_ctlreq.o
 .debug_info    0x000000000000ed48      0xf33 Middlewares/ST/STM32_USB_Device_Library/Core/Src/usbd_ioreq.o
 .debug_info    0x000000000000fc7b      0xe7b USB_DEVICE/App/usb_device.o
 .debug_info    0x0000000000010af6     0x1036 USB_DEVICE/App/usbd_cdc_if.o
 .debug_info    0x0000000000011b2c      0xd17 USB_DEVICE/App/usbd_desc.o
 .debug_info    0x0000000000012843     0x1dba USB_DEVICE/Target/usbd_conf.o

.debug_abbrev   0x0000000000000000     0x305d
 .debug_abbrev  0x0000000000000000      0x134 Core/Src/gpio.o
 .debug_abbrev  0x0000000000000134      0x206 Core/Src/main.o
 .debug_abbrev  0x000000000000033a      0x27c Core/Src/nRF24L01.o
 .debug_abbrev  0x00000000000005b6      0x199 Core/Src/spi.o
 .debug_abbrev  0x000000000000074f      0x109 Core/Src/stm32f1xx_hal_msp.o
 .debug_abbrev  0x0000000000000858      0x155 Core/Src/stm32f1xx_it.o
 .debug_abbrev  0x00000000000009ad      0x134 Core/Src/system_stm32f1xx.o
 .debug_abbrev  0x0000000000000ae1       0x12 Core/Startup/startup_stm32f103c8tx.o
 .debug_abbrev  0x0000000000000af3      0x1c7 Drivers/STM32F1xx_HAL_Driver/Src/stm32f1xx_hal.o
 .debug_abbrev  0x0000000000000cba      0x2d5 Drivers/STM32F1xx_HAL_Driver/Src/stm32f1xx_hal_cortex.o
 .debug_abbrev  0x0000000000000f8f      0x1c0 Drivers/STM32F1xx_HAL_Driver/Src/stm32f1xx_hal_gpio.o
 .debug_abbrev  0x000000000000114f      0x268 Drivers/STM32F1xx_HAL_Driver/Src/stm32f1xx_hal_pcd.o
 .debug_abbrev  0x00000000000013b7      0x188 Drivers/STM32F1xx_HAL_Driver/Src/stm32f1xx_hal_pcd_ex.o
 .debug_abbrev  0x000000000000153f      0x243 Drivers/STM32F1xx_HAL_Driver/Src/stm32f1xx_hal_rcc.o
 .debug_abbrev  0x0000000000001782      0x175 Drivers/STM32F1xx_HAL_Driver/Src/stm32f1xx_hal_rcc_ex.o
 .debug_abbrev  0x00000000000018f7      0x240 Drivers/STM32F1xx_HAL_Driver/Src/stm32f1xx_hal_spi.o
 .debug_abbrev  0x0000000000001b37      0x1d2 Drivers/STM32F1xx_HAL_Driver/Src/stm32f1xx_ll_usb.o
 .debug_abbrev  0x0000000000001d09      0x2b6 Middlewares/ST/STM32_USB_Device_Library/Class/CDC/Src/usbd_cdc.o
 .debug_abbrev  0x0000000000001fbf      0x270 Middlewares/ST/STM32_USB_Device_Library/Core/Src/usbd_core.o
 .debug_abbrev  0x000000000000222f      0x2a0 Middlewares/ST/STM32_USB_Device_Library/Core/Src/usbd_ctlreq.o
 .debug_abbrev  0x00000000000024cf      0x1e0 Middlewares/ST/STM32_USB_Device_Library/Core/Src/usbd_ioreq.o
 .debug_abbrev  0x00000000000026af      0x1be USB_DEVICE/App/usb_device.o
 .debug_abbrev  0x000000000000286d      0x285 USB_DEVICE/App/usbd_cdc_if.o
 .debug_abbrev  0x0000000000002af2      0x290 USB_DEVICE/App/usbd_desc.o
 .debug_abbrev  0x0000000000002d82      0x2db USB_DEVICE/Target/usbd_conf.o

.debug_aranges  0x0000000000000000      0xd18
 .debug_aranges
                0x0000000000000000       0x20 Core/Src/gpio.o
 .debug_aranges
                0x0000000000000020       0x30 Core/Src/main.o
 .debug_aranges
                0x0000000000000050       0x98 Core/Src/nRF24L01.o
 .debug_aranges
                0x00000000000000e8       0x38 Core/Src/spi.o
 .debug_aranges
                0x0000000000000120       0x20 Core/Src/stm32f1xx_hal_msp.o
 .debug_aranges
                0x0000000000000140       0x68 Core/Src/stm32f1xx_it.o
 .debug_aranges
                0x00000000000001a8       0x28 Core/Src/system_stm32f1xx.o
 .debug_aranges
                0x00000000000001d0       0x28 Core/Startup/startup_stm32f103c8tx.o
 .debug_aranges
                0x00000000000001f8       0xe0 Drivers/STM32F1xx_HAL_Driver/Src/stm32f1xx_hal.o
 .debug_aranges
                0x00000000000002d8      0x100 Drivers/STM32F1xx_HAL_Driver/Src/stm32f1xx_hal_cortex.o
 .debug_aranges
                0x00000000000003d8       0x58 Drivers/STM32F1xx_HAL_Driver/Src/stm32f1xx_hal_gpio.o
 .debug_aranges
                0x0000000000000430      0x138 Drivers/STM32F1xx_HAL_Driver/Src/stm32f1xx_hal_pcd.o
 .debug_aranges
                0x0000000000000568       0x38 Drivers/STM32F1xx_HAL_Driver/Src/stm32f1xx_hal_pcd_ex.o
 .debug_aranges
                0x00000000000005a0       0x90 Drivers/STM32F1xx_HAL_Driver/Src/stm32f1xx_hal_rcc.o
 .debug_aranges
                0x0000000000000630       0x30 Drivers/STM32F1xx_HAL_Driver/Src/stm32f1xx_hal_rcc_ex.o
 .debug_aranges
                0x0000000000000660      0x1d0 Drivers/STM32F1xx_HAL_Driver/Src/stm32f1xx_hal_spi.o
 .debug_aranges
                0x0000000000000830       0xf0 Drivers/STM32F1xx_HAL_Driver/Src/stm32f1xx_ll_usb.o
 .debug_aranges
                0x0000000000000920       0x90 Middlewares/ST/STM32_USB_Device_Library/Class/CDC/Src/usbd_cdc.o
 .debug_aranges
                0x00000000000009b0       0xb8 Middlewares/ST/STM32_USB_Device_Library/Core/Src/usbd_core.o
 .debug_aranges
                0x0000000000000a68       0x88 Middlewares/ST/STM32_USB_Device_Library/Core/Src/usbd_ctlreq.o
 .debug_aranges
                0x0000000000000af0       0x50 Middlewares/ST/STM32_USB_Device_Library/Core/Src/usbd_ioreq.o
 .debug_aranges
                0x0000000000000b40       0x20 USB_DEVICE/App/usb_device.o
 .debug_aranges
                0x0000000000000b60       0x40 USB_DEVICE/App/usbd_cdc_if.o
 .debug_aranges
                0x0000000000000ba0       0x60 USB_DEVICE/App/usbd_desc.o
 .debug_aranges
                0x0000000000000c00      0x118 USB_DEVICE/Target/usbd_conf.o

.debug_ranges   0x0000000000000000      0xb90
 .debug_ranges  0x0000000000000000       0x10 Core/Src/gpio.o
 .debug_ranges  0x0000000000000010       0x20 Core/Src/main.o
 .debug_ranges  0x0000000000000030       0x88 Core/Src/nRF24L01.o
 .debug_ranges  0x00000000000000b8       0x28 Core/Src/spi.o
 .debug_ranges  0x00000000000000e0       0x10 Core/Src/stm32f1xx_hal_msp.o
 .debug_ranges  0x00000000000000f0       0x58 Core/Src/stm32f1xx_it.o
 .debug_ranges  0x0000000000000148       0x18 Core/Src/system_stm32f1xx.o
 .debug_ranges  0x0000000000000160       0x20 Core/Startup/startup_stm32f103c8tx.o
 .debug_ranges  0x0000000000000180       0xd0 Drivers/STM32F1xx_HAL_Driver/Src/stm32f1xx_hal.o
 .debug_ranges  0x0000000000000250       0xf0 Drivers/STM32F1xx_HAL_Driver/Src/stm32f1xx_hal_cortex.o
 .debug_ranges  0x0000000000000340       0x48 Drivers/STM32F1xx_HAL_Driver/Src/stm32f1xx_hal_gpio.o
 .debug_ranges  0x0000000000000388      0x128 Drivers/STM32F1xx_HAL_Driver/Src/stm32f1xx_hal_pcd.o
 .debug_ranges  0x00000000000004b0       0x28 Drivers/STM32F1xx_HAL_Driver/Src/stm32f1xx_hal_pcd_ex.o
 .debug_ranges  0x00000000000004d8       0x80 Drivers/STM32F1xx_HAL_Driver/Src/stm32f1xx_hal_rcc.o
 .debug_ranges  0x0000000000000558       0x20 Drivers/STM32F1xx_HAL_Driver/Src/stm32f1xx_hal_rcc_ex.o
 .debug_ranges  0x0000000000000578      0x1c0 Drivers/STM32F1xx_HAL_Driver/Src/stm32f1xx_hal_spi.o
 .debug_ranges  0x0000000000000738       0xe0 Drivers/STM32F1xx_HAL_Driver/Src/stm32f1xx_ll_usb.o
 .debug_ranges  0x0000000000000818       0x80 Middlewares/ST/STM32_USB_Device_Library/Class/CDC/Src/usbd_cdc.o
 .debug_ranges  0x0000000000000898       0xa8 Middlewares/ST/STM32_USB_Device_Library/Core/Src/usbd_core.o
 .debug_ranges  0x0000000000000940       0x78 Middlewares/ST/STM32_USB_Device_Library/Core/Src/usbd_ctlreq.o
 .debug_ranges  0x00000000000009b8       0x40 Middlewares/ST/STM32_USB_Device_Library/Core/Src/usbd_ioreq.o
 .debug_ranges  0x00000000000009f8       0x10 USB_DEVICE/App/usb_device.o
 .debug_ranges  0x0000000000000a08       0x30 USB_DEVICE/App/usbd_cdc_if.o
 .debug_ranges  0x0000000000000a38       0x50 USB_DEVICE/App/usbd_desc.o
 .debug_ranges  0x0000000000000a88      0x108 USB_DEVICE/Target/usbd_conf.o

.debug_macro    0x0000000000000000    0x1a759
 .debug_macro   0x0000000000000000      0x1cb Core/Src/gpio.o
 .debug_macro   0x00000000000001cb      0xa5a Core/Src/gpio.o
 .debug_macro   0x0000000000000c25      0x21b Core/Src/gpio.o
 .debug_macro   0x0000000000000e40       0x2e Core/Src/gpio.o
 .debug_macro   0x0000000000000e6e       0x22 Core/Src/gpio.o
 .debug_macro   0x0000000000000e90       0x22 Core/Src/gpio.o
 .debug_macro   0x0000000000000eb2       0x8e Core/Src/gpio.o
 .debug_macro   0x0000000000000f40       0x51 Core/Src/gpio.o
 .debug_macro   0x0000000000000f91       0xef Core/Src/gpio.o
 .debug_macro   0x0000000000001080       0x6a Core/Src/gpio.o
 .debug_macro   0x00000000000010ea      0x1df Core/Src/gpio.o
 .debug_macro   0x00000000000012c9       0x1c Core/Src/gpio.o
 .debug_macro   0x00000000000012e5       0x22 Core/Src/gpio.o
 .debug_macro   0x0000000000001307       0xc3 Core/Src/gpio.o
 .debug_macro   0x00000000000013ca      0xd23 Core/Src/gpio.o
 .debug_macro   0x00000000000020ed     0xe097 Core/Src/gpio.o
 .debug_macro   0x0000000000010184       0x43 Core/Src/gpio.o
 .debug_macro   0x00000000000101c7     0x3468 Core/Src/gpio.o
 .debug_macro   0x000000000001362f      0x174 Core/Src/gpio.o
 .debug_macro   0x00000000000137a3       0x5c Core/Src/gpio.o
 .debug_macro   0x00000000000137ff      0x5be Core/Src/gpio.o
 .debug_macro   0x0000000000013dbd      0x289 Core/Src/gpio.o
 .debug_macro   0x0000000000014046      0x1cb Core/Src/gpio.o
 .debug_macro   0x0000000000014211      0x114 Core/Src/gpio.o
 .debug_macro   0x0000000000014325      0x1b2 Core/Src/gpio.o
 .debug_macro   0x00000000000144d7       0x27 Core/Src/gpio.o
 .debug_macro   0x00000000000144fe      0x136 Core/Src/gpio.o
 .debug_macro   0x0000000000014634      0x1bc Core/Src/gpio.o
 .debug_macro   0x00000000000147f0       0x34 Core/Src/gpio.o
 .debug_macro   0x0000000000014824       0x3c Core/Src/gpio.o
 .debug_macro   0x0000000000014860       0x57 Core/Src/gpio.o
 .debug_macro   0x00000000000148b7       0x88 Core/Src/gpio.o
 .debug_macro   0x000000000001493f      0x241 Core/Src/gpio.o
 .debug_macro   0x0000000000014b80      0x141 Core/Src/gpio.o
 .debug_macro   0x0000000000014cc1      0x217 Core/Src/gpio.o
 .debug_macro   0x0000000000014ed8       0x65 Core/Src/gpio.o
 .debug_macro   0x0000000000014f3d      0x249 Core/Src/gpio.o
 .debug_macro   0x0000000000015186       0x83 Core/Src/gpio.o
 .debug_macro   0x0000000000015209       0x70 Core/Src/gpio.o
 .debug_macro   0x0000000000015279      0x400 Core/Src/main.o
 .debug_macro   0x0000000000015679       0x46 Core/Src/main.o
 .debug_macro   0x00000000000156bf       0x18 Core/Src/main.o
 .debug_macro   0x00000000000156d7       0x3c Core/Src/main.o
 .debug_macro   0x0000000000015713       0x34 Core/Src/main.o
 .debug_macro   0x0000000000015747       0x16 Core/Src/main.o
 .debug_macro   0x000000000001575d       0x35 Core/Src/main.o
 .debug_macro   0x0000000000015792      0x32a Core/Src/main.o
 .debug_macro   0x0000000000015abc       0x10 Core/Src/main.o
 .debug_macro   0x0000000000015acc       0x52 Core/Src/main.o
 .debug_macro   0x0000000000015b1e       0x1f Core/Src/main.o
 .debug_macro   0x0000000000015b3d       0x43 Core/Src/main.o
 .debug_macro   0x0000000000015b80       0x20 Core/Src/main.o
 .debug_macro   0x0000000000015ba0      0x1a3 Core/Src/main.o
 .debug_macro   0x0000000000015d43       0x10 Core/Src/main.o
 .debug_macro   0x0000000000015d53       0x1c Core/Src/main.o
 .debug_macro   0x0000000000015d6f       0x52 Core/Src/main.o
 .debug_macro   0x0000000000015dc1       0x40 Core/Src/main.o
 .debug_macro   0x0000000000015e01       0x10 Core/Src/main.o
 .debug_macro   0x0000000000015e11       0x40 Core/Src/main.o
 .debug_macro   0x0000000000015e51       0xd7 Core/Src/main.o
 .debug_macro   0x0000000000015f28       0x1c Core/Src/main.o
 .debug_macro   0x0000000000015f44       0x3d Core/Src/main.o
 .debug_macro   0x0000000000015f81       0x16 Core/Src/main.o
 .debug_macro   0x0000000000015f97      0x145 Core/Src/main.o
 .debug_macro   0x00000000000160dc       0x16 Core/Src/main.o
 .debug_macro   0x00000000000160f2       0x16 Core/Src/main.o
 .debug_macro   0x0000000000016108       0x29 Core/Src/main.o
 .debug_macro   0x0000000000016131       0x16 Core/Src/main.o
 .debug_macro   0x0000000000016147       0x20 Core/Src/main.o
 .debug_macro   0x0000000000016167       0x60 Core/Src/main.o
 .debug_macro   0x00000000000161c7      0x1c8 Core/Src/main.o
 .debug_macro   0x000000000001638f       0x8f Core/Src/main.o
 .debug_macro   0x000000000001641e      0x409 Core/Src/nRF24L01.o
 .debug_macro   0x0000000000016827       0x76 Core/Src/nRF24L01.o
 .debug_macro   0x000000000001689d       0x10 Core/Src/nRF24L01.o
 .debug_macro   0x00000000000168ad      0x1cb Core/Src/spi.o
 .debug_macro   0x0000000000016a78      0x1c1 Core/Src/stm32f1xx_hal_msp.o
 .debug_macro   0x0000000000016c39      0x1cb Core/Src/stm32f1xx_it.o
 .debug_macro   0x0000000000016e04      0x1b2 Core/Src/system_stm32f1xx.o
 .debug_macro   0x0000000000016fb6      0x1d6 Drivers/STM32F1xx_HAL_Driver/Src/stm32f1xx_hal.o
 .debug_macro   0x000000000001718c      0x1b2 Drivers/STM32F1xx_HAL_Driver/Src/stm32f1xx_hal_cortex.o
 .debug_macro   0x000000000001733e      0x21d Drivers/STM32F1xx_HAL_Driver/Src/stm32f1xx_hal_gpio.o
 .debug_macro   0x000000000001755b      0x1be Drivers/STM32F1xx_HAL_Driver/Src/stm32f1xx_hal_pcd.o
 .debug_macro   0x0000000000017719      0x1b2 Drivers/STM32F1xx_HAL_Driver/Src/stm32f1xx_hal_pcd_ex.o
 .debug_macro   0x00000000000178cb      0x1c4 Drivers/STM32F1xx_HAL_Driver/Src/stm32f1xx_hal_rcc.o
 .debug_macro   0x0000000000017a8f      0x1b2 Drivers/STM32F1xx_HAL_Driver/Src/stm32f1xx_hal_rcc_ex.o
 .debug_macro   0x0000000000017c41      0x1ba Drivers/STM32F1xx_HAL_Driver/Src/stm32f1xx_hal_spi.o
 .debug_macro   0x0000000000017dfb      0x1b2 Drivers/STM32F1xx_HAL_Driver/Src/stm32f1xx_ll_usb.o
 .debug_macro   0x0000000000017fad      0x3ce Middlewares/ST/STM32_USB_Device_Library/Class/CDC/Src/usbd_cdc.o
 .debug_macro   0x000000000001837b       0x40 Middlewares/ST/STM32_USB_Device_Library/Class/CDC/Src/usbd_cdc.o
 .debug_macro   0x00000000000183bb       0x94 Middlewares/ST/STM32_USB_Device_Library/Class/CDC/Src/usbd_cdc.o
 .debug_macro   0x000000000001844f       0x57 Middlewares/ST/STM32_USB_Device_Library/Class/CDC/Src/usbd_cdc.o
 .debug_macro   0x00000000000184a6       0x97 Middlewares/ST/STM32_USB_Device_Library/Class/CDC/Src/usbd_cdc.o
 .debug_macro   0x000000000001853d      0x330 Middlewares/ST/STM32_USB_Device_Library/Class/CDC/Src/usbd_cdc.o
 .debug_macro   0x000000000001886d       0xfd Middlewares/ST/STM32_USB_Device_Library/Class/CDC/Src/usbd_cdc.o
 .debug_macro   0x000000000001896a       0xbd Middlewares/ST/STM32_USB_Device_Library/Class/CDC/Src/usbd_cdc.o
 .debug_macro   0x0000000000018a27       0x56 Middlewares/ST/STM32_USB_Device_Library/Class/CDC/Src/usbd_cdc.o
 .debug_macro   0x0000000000018a7d      0x3b5 Middlewares/ST/STM32_USB_Device_Library/Core/Src/usbd_core.o
 .debug_macro   0x0000000000018e32      0x1ce Middlewares/ST/STM32_USB_Device_Library/Core/Src/usbd_core.o
 .debug_macro   0x0000000000019000      0x3bf Middlewares/ST/STM32_USB_Device_Library/Core/Src/usbd_ctlreq.o
 .debug_macro   0x00000000000193bf      0x3bb Middlewares/ST/STM32_USB_Device_Library/Core/Src/usbd_ioreq.o
 .debug_macro   0x000000000001977a      0x3ee USB_DEVICE/App/usb_device.o
 .debug_macro   0x0000000000019b68       0x22 USB_DEVICE/App/usb_device.o
 .debug_macro   0x0000000000019b8a       0x16 USB_DEVICE/App/usb_device.o
 .debug_macro   0x0000000000019ba0      0x3d9 USB_DEVICE/App/usbd_cdc_if.o
 .debug_macro   0x0000000000019f79      0x3f2 USB_DEVICE/App/usbd_desc.o
 .debug_macro   0x000000000001a36b       0x1c USB_DEVICE/App/usbd_desc.o
 .debug_macro   0x000000000001a387      0x3d2 USB_DEVICE/Target/usbd_conf.o

.debug_line     0x0000000000000000     0xea78
 .debug_line    0x0000000000000000      0x69a Core/Src/gpio.o
 .debug_line    0x000000000000069a      0xa5a Core/Src/main.o
 .debug_line    0x00000000000010f4      0xb87 Core/Src/nRF24L01.o
 .debug_line    0x0000000000001c7b      0x6f9 Core/Src/spi.o
 .debug_line    0x0000000000002374      0x68d Core/Src/stm32f1xx_hal_msp.o
 .debug_line    0x0000000000002a01      0x742 Core/Src/stm32f1xx_it.o
 .debug_line    0x0000000000003143      0x6b4 Core/Src/system_stm32f1xx.o
 .debug_line    0x00000000000037f7       0x84 Core/Startup/startup_stm32f103c8tx.o
 .debug_line    0x000000000000387b      0x867 Drivers/STM32F1xx_HAL_Driver/Src/stm32f1xx_hal.o
 .debug_line    0x00000000000040e2      0x93e Drivers/STM32F1xx_HAL_Driver/Src/stm32f1xx_hal_cortex.o
 .debug_line    0x0000000000004a20      0x863 Drivers/STM32F1xx_HAL_Driver/Src/stm32f1xx_hal_gpio.o
 .debug_line    0x0000000000005283      0xccb Drivers/STM32F1xx_HAL_Driver/Src/stm32f1xx_hal_pcd.o
 .debug_line    0x0000000000005f4e      0x6d8 Drivers/STM32F1xx_HAL_Driver/Src/stm32f1xx_hal_pcd_ex.o
 .debug_line    0x0000000000006626      0x927 Drivers/STM32F1xx_HAL_Driver/Src/stm32f1xx_hal_rcc.o
 .debug_line    0x0000000000006f4d      0x745 Drivers/STM32F1xx_HAL_Driver/Src/stm32f1xx_hal_rcc_ex.o
 .debug_line    0x0000000000007692     0x1052 Drivers/STM32F1xx_HAL_Driver/Src/stm32f1xx_hal_spi.o
 .debug_line    0x00000000000086e4      0xd00 Drivers/STM32F1xx_HAL_Driver/Src/stm32f1xx_ll_usb.o
 .debug_line    0x00000000000093e4      0xb43 Middlewares/ST/STM32_USB_Device_Library/Class/CDC/Src/usbd_cdc.o
 .debug_line    0x0000000000009f27      0xb7e Middlewares/ST/STM32_USB_Device_Library/Core/Src/usbd_core.o
 .debug_line    0x000000000000aaa5      0xc07 Middlewares/ST/STM32_USB_Device_Library/Core/Src/usbd_ctlreq.o
 .debug_line    0x000000000000b6ac      0x9e7 Middlewares/ST/STM32_USB_Device_Library/Core/Src/usbd_ioreq.o
 .debug_line    0x000000000000c093      0x9c9 USB_DEVICE/App/usb_device.o
 .debug_line    0x000000000000ca5c      0x9fc USB_DEVICE/App/usbd_cdc_if.o
 .debug_line    0x000000000000d458      0xa1b USB_DEVICE/App/usbd_desc.o
 .debug_line    0x000000000000de73      0xc05 USB_DEVICE/Target/usbd_conf.o

.debug_str      0x0000000000000000    0x86929
 .debug_str     0x0000000000000000    0x7e2f6 Core/Src/gpio.o
                                      0x7e64e (size before relaxing)
 .debug_str     0x000000000007e2f6     0x571c Core/Src/main.o
                                      0x83e47 (size before relaxing)
 .debug_str     0x0000000000083a12      0x347 Core/Src/nRF24L01.o
                                      0x83fda (size before relaxing)
 .debug_str     0x0000000000083d59       0x58 Core/Src/spi.o
                                      0x7ea43 (size before relaxing)
 .debug_str     0x0000000000083db1       0x5a Core/Src/stm32f1xx_hal_msp.o
                                      0x7e606 (size before relaxing)
 .debug_str     0x0000000000083e0b      0x39e Core/Src/stm32f1xx_it.o
                                      0x7e9a9 (size before relaxing)
 .debug_str     0x00000000000841a9       0x52 Core/Src/system_stm32f1xx.o
                                      0x7e469 (size before relaxing)
 .debug_str     0x00000000000841fb       0x36 Core/Startup/startup_stm32f103c8tx.o
                                         0x80 (size before relaxing)
 .debug_str     0x0000000000084231      0x554 Drivers/STM32F1xx_HAL_Driver/Src/stm32f1xx_hal.o
                                      0x7eafa (size before relaxing)
 .debug_str     0x0000000000084785      0x2d8 Drivers/STM32F1xx_HAL_Driver/Src/stm32f1xx_hal_cortex.o
                                      0x7eb02 (size before relaxing)
 .debug_str     0x0000000000084a5d      0x324 Drivers/STM32F1xx_HAL_Driver/Src/stm32f1xx_hal_gpio.o
                                      0x7e82d (size before relaxing)
 .debug_str     0x0000000000084d81      0x3e5 Drivers/STM32F1xx_HAL_Driver/Src/stm32f1xx_hal_pcd.o
                                      0x7ebbc (size before relaxing)
 .debug_str     0x0000000000085166      0x18d Drivers/STM32F1xx_HAL_Driver/Src/stm32f1xx_hal_pcd_ex.o
                                      0x7e909 (size before relaxing)
 .debug_str     0x00000000000852f3      0x24f Drivers/STM32F1xx_HAL_Driver/Src/stm32f1xx_hal_rcc.o
                                      0x7e866 (size before relaxing)
 .debug_str     0x0000000000085542       0xb9 Drivers/STM32F1xx_HAL_Driver/Src/stm32f1xx_hal_rcc_ex.o
                                      0x7e5f3 (size before relaxing)
 .debug_str     0x00000000000855fb      0x548 Drivers/STM32F1xx_HAL_Driver/Src/stm32f1xx_hal_spi.o
                                      0x7ed6e (size before relaxing)
 .debug_str     0x0000000000085b43      0x2ad Drivers/STM32F1xx_HAL_Driver/Src/stm32f1xx_ll_usb.o
                                      0x7e93c (size before relaxing)
 .debug_str     0x0000000000085df0      0x293 Middlewares/ST/STM32_USB_Device_Library/Class/CDC/Src/usbd_cdc.o
                                      0x83dff (size before relaxing)
 .debug_str     0x0000000000086083      0x1b5 Middlewares/ST/STM32_USB_Device_Library/Core/Src/usbd_core.o
                                      0x836fa (size before relaxing)
 .debug_str     0x0000000000086238      0x134 Middlewares/ST/STM32_USB_Device_Library/Core/Src/usbd_ctlreq.o
                                      0x83680 (size before relaxing)
 .debug_str     0x000000000008636c       0xc9 Middlewares/ST/STM32_USB_Device_Library/Core/Src/usbd_ioreq.o
                                      0x83608 (size before relaxing)
 .debug_str     0x0000000000086435       0xc2 USB_DEVICE/App/usb_device.o
                                      0x8396f (size before relaxing)
 .debug_str     0x00000000000864f7       0x86 USB_DEVICE/App/usbd_cdc_if.o
                                      0x839a7 (size before relaxing)
 .debug_str     0x000000000008657d      0x258 USB_DEVICE/App/usbd_desc.o
                                      0x83573 (size before relaxing)
 .debug_str     0x00000000000867d5      0x154 USB_DEVICE/Target/usbd_conf.o
                                      0x84225 (size before relaxing)

.comment        0x0000000000000000       0x7b
 .comment       0x0000000000000000       0x7b Core/Src/gpio.o
                                         0x7c (size before relaxing)
 .comment       0x000000000000007b       0x7c Core/Src/main.o
 .comment       0x000000000000007b       0x7c Core/Src/nRF24L01.o
 .comment       0x000000000000007b       0x7c Core/Src/spi.o
 .comment       0x000000000000007b       0x7c Core/Src/stm32f1xx_hal_msp.o
 .comment       0x000000000000007b       0x7c Core/Src/stm32f1xx_it.o
 .comment       0x000000000000007b       0x7c Core/Src/system_stm32f1xx.o
 .comment       0x000000000000007b       0x7c Drivers/STM32F1xx_HAL_Driver/Src/stm32f1xx_hal.o
 .comment       0x000000000000007b       0x7c Drivers/STM32F1xx_HAL_Driver/Src/stm32f1xx_hal_cortex.o
 .comment       0x000000000000007b       0x7c Drivers/STM32F1xx_HAL_Driver/Src/stm32f1xx_hal_gpio.o
 .comment       0x000000000000007b       0x7c Drivers/STM32F1xx_HAL_Driver/Src/stm32f1xx_hal_pcd.o
 .comment       0x000000000000007b       0x7c Drivers/STM32F1xx_HAL_Driver/Src/stm32f1xx_hal_pcd_ex.o
 .comment       0x000000000000007b       0x7c Drivers/STM32F1xx_HAL_Driver/Src/stm32f1xx_hal_rcc.o
 .comment       0x000000000000007b       0x7c Drivers/STM32F1xx_HAL_Driver/Src/stm32f1xx_hal_rcc_ex.o
 .comment       0x000000000000007b       0x7c Drivers/STM32F1xx_HAL_Driver/Src/stm32f1xx_hal_spi.o
 .comment       0x000000000000007b       0x7c Drivers/STM32F1xx_HAL_Driver/Src/stm32f1xx_ll_usb.o
 .comment       0x000000000000007b       0x7c Middlewares/ST/STM32_USB_Device_Library/Class/CDC/Src/usbd_cdc.o
 .comment       0x000000000000007b       0x7c Middlewares/ST/STM32_USB_Device_Library/Core/Src/usbd_core.o
 .comment       0x000000000000007b       0x7c Middlewares/ST/STM32_USB_Device_Library/Core/Src/usbd_ctlreq.o
 .comment       0x000000000000007b       0x7c Middlewares/ST/STM32_USB_Device_Library/Core/Src/usbd_ioreq.o
 .comment       0x000000000000007b       0x7c USB_DEVICE/App/usb_device.o
 .comment       0x000000000000007b       0x7c USB_DEVICE/App/usbd_cdc_if.o
 .comment       0x000000000000007b       0x7c USB_DEVICE/App/usbd_desc.o
 .comment       0x000000000000007b       0x7c USB_DEVICE/Target/usbd_conf.o

.debug_frame    0x0000000000000000     0x339c
 .debug_frame   0x0000000000000000       0x34 Core/Src/gpio.o
 .debug_frame   0x0000000000000034       0x74 Core/Src/main.o
 .debug_frame   0x00000000000000a8      0x324 Core/Src/nRF24L01.o
 .debug_frame   0x00000000000003cc       0x90 Core/Src/spi.o
 .debug_frame   0x000000000000045c       0x38 Core/Src/stm32f1xx_hal_msp.o
 .debug_frame   0x0000000000000494      0x128 Core/Src/stm32f1xx_it.o
 .debug_frame   0x00000000000005bc       0x58 Core/Src/system_stm32f1xx.o
 .debug_frame   0x0000000000000614      0x334 Drivers/STM32F1xx_HAL_Driver/Src/stm32f1xx_hal.o
 .debug_frame   0x0000000000000948      0x428 Drivers/STM32F1xx_HAL_Driver/Src/stm32f1xx_hal_cortex.o
 .debug_frame   0x0000000000000d70      0x14c Drivers/STM32F1xx_HAL_Driver/Src/stm32f1xx_hal_gpio.o
 .debug_frame   0x0000000000000ebc      0x578 Drivers/STM32F1xx_HAL_Driver/Src/stm32f1xx_hal_pcd.o
 .debug_frame   0x0000000000001434       0xb0 Drivers/STM32F1xx_HAL_Driver/Src/stm32f1xx_hal_pcd_ex.o
 .debug_frame   0x00000000000014e4      0x21c Drivers/STM32F1xx_HAL_Driver/Src/stm32f1xx_hal_rcc.o
 .debug_frame   0x0000000000001700       0x84 Drivers/STM32F1xx_HAL_Driver/Src/stm32f1xx_hal_rcc_ex.o
 .debug_frame   0x0000000000001784      0x824 Drivers/STM32F1xx_HAL_Driver/Src/stm32f1xx_hal_spi.o
 .debug_frame   0x0000000000001fa8      0x450 Drivers/STM32F1xx_HAL_Driver/Src/stm32f1xx_ll_usb.o
 .debug_frame   0x00000000000023f8      0x248 Middlewares/ST/STM32_USB_Device_Library/Class/CDC/Src/usbd_cdc.o
 .debug_frame   0x0000000000002640      0x300 Middlewares/ST/STM32_USB_Device_Library/Core/Src/usbd_core.o
 .debug_frame   0x0000000000002940      0x218 Middlewares/ST/STM32_USB_Device_Library/Core/Src/usbd_ctlreq.o
 .debug_frame   0x0000000000002b58      0x10c Middlewares/ST/STM32_USB_Device_Library/Core/Src/usbd_ioreq.o
 .debug_frame   0x0000000000002c64       0x2c USB_DEVICE/App/usb_device.o
 .debug_frame   0x0000000000002c90       0xbc USB_DEVICE/App/usbd_cdc_if.o
 .debug_frame   0x0000000000002d4c      0x160 USB_DEVICE/App/usbd_desc.o
 .debug_frame   0x0000000000002eac      0x4a4 USB_DEVICE/Target/usbd_conf.o
 .debug_frame   0x0000000000003350       0x2c c:/st/stm32cubeide_1.4.0/stm32cubeide/plugins/com.st.stm32cube.ide.mcu.externaltools.gnu-tools-for-stm32.7-2018-q2-update.win32_1.4.0.202007081208/tools/bin/../lib/gcc/arm-none-eabi/7.3.1/../../../../arm-none-eabi/lib/thumb/v7-m\libc_nano.a(lib_a-init.o)
 .debug_frame   0x000000000000337c       0x20 c:/st/stm32cubeide_1.4.0/stm32cubeide/plugins/com.st.stm32cube.ide.mcu.externaltools.gnu-tools-for-stm32.7-2018-q2-update.win32_1.4.0.202007081208/tools/bin/../lib/gcc/arm-none-eabi/7.3.1/../../../../arm-none-eabi/lib/thumb/v7-m\libc_nano.a(lib_a-memset.o)
