nRF24L01.c:42:6:nRF24_QS	40	static
nRF24L01.c:65:6:nRF24_QSconfig	48	static
nRF24L01.c:90:6:nRF24_TX_WritePayload	40	static
nRF24L01.c:116:6:nRF24_TX_SendPayload	48	static
nRF24L01.c:144:5:nRF24_RX_DataAvaliable	8	static
nRF24L01.c:152:6:nRF24_RX_ReadPayload	40	static
nRF24L01.c:175:6:nRF24_SetDataPipeADDR	16	static
nRF24L01.c:201:6:nRF24_GetDataPipeADDR	8	static
nRF24L01.c:231:6:nRF24_RegWrite	16	static
nRF24L01.c:251:9:nRF24_RegRead	16	static
nRF24L01.c:268:6:nRF24_FlushTX	16	static
nRF24L01.c:283:6:nRF24_FlushRX	16	static
