nRF24L01.c:39:6:nRF24_QS	40	static
nRF24L01.c:85:6:nRF24_QSconfig	48	static
nRF24L01.c:107:6:nRF24_TX_WritePayload	40	static
nRF24L01.c:145:6:nRF24_TX_SendPayload	40	static
nRF24L01.c:188:9:nRF24_RX_DataAvaliable	8	static
nRF24L01.c:200:6:nRF24_RX_ReadPayload	48	static
nRF24L01.c:231:9:nRF24_RX_GetPayloadPipe	40	static
nRF24L01.c:248:9:nRF24_RX_DataInPipe	40	static
nRF24L01.c:265:6:nRF24_SetDataPipeADDR	16	static
nRF24L01.c:301:6:nRF24_GetDataPipeADDR	8	static
nRF24L01.c:318:6:nRF24_SetDataPipeSize	40	static
nRF24L01.c:341:9:nRF24_GetDataPipeSize	32	static
nRF24L01.c:354:6:nRF24_RegWrite	16	static
nRF24L01.c:384:9:nRF24_RegRead	16	static
nRF24L01.c:401:6:nRF24_FlushTX	16	static
nRF24L01.c:416:6:nRF24_FlushRX	16	static
